[36mGlobal Setup: Checking build freshness...[0m
[32mBuild is fresh. Skipping rebuild.[0m

Running 412 tests using 4 workers

  Γ£ô    2 [chromium] ΓÇ║ tests\ai-studio-descendants.spec.ts:67:5 ΓÇ║ AI Studio Descendants: Shift-G and Shift+Click ΓÇ║ Shift+Click on [g] button includes descendants in XML payload (734ms)
  Γ£ô    1 [chromium] ΓÇ║ tests\ai-studio-coverage.spec.ts:43:5 ΓÇ║ Power Reader AI Studio Coverage ΓÇ║ [PR-AI-04] Responses are cached in-memory (752ms)
  Γ£ô    3 [chromium] ΓÇ║ tests\ai-studio-descendants.spec.ts:6:5 ΓÇ║ AI Studio Descendants: Shift-G and Shift+Click ΓÇ║ Shift-G over a comment includes descendants in XML payload (819ms)
  Γ£ô    4 [chromium] ΓÇ║ tests\ai-studio-coverage.spec.ts:6:5 ΓÇ║ Power Reader AI Studio Coverage ΓÇ║ [PR-AI-01] Shortkey "g" triggers AI Studio automation (817ms)
[api-sanity] Navigating to LessWrong home to initialize session cookies...
  Γ£ô    6 [chromium] ΓÇ║ tests\ai-studio.spec.ts:72:5 ΓÇ║ Power Reader AI Studio Integration ΓÇ║ Uses custom AI Studio prompt prefix if set in GM storage (490ms)
  Γ£ô    7 [chromium] ΓÇ║ tests\ancestor-continuity.spec.ts:5:5 ΓÇ║ Ancestor Continuity [PR-NEST-06] ΓÇ║ should preserve full ancestor chain in DOM even if read (416ms)
  Γ£ô    5 [chromium] ΓÇ║ tests\ai-studio.spec.ts:6:5 ΓÇ║ Power Reader AI Studio Integration ΓÇ║ [PR-AI-01][PR-AI-02][PR-AI-03][PR-AI-05][PR-AI-06][PR-AI-07] Pressing "g" over a comment triggers AI Studio prompt generation (646ms)
  Γ£ô   10 [chromium] ΓÇ║ tests\architecture.spec.ts:56:5 ΓÇ║ Power Reader Architecture ΓÇ║ [PR-ARCH-04] Takeover blocks dynamically added scripts (366ms)
  Γ£ô    9 [chromium] ΓÇ║ tests\architecture.spec.ts:29:5 ΓÇ║ Power Reader Architecture ΓÇ║ [PR-ARCH-01][PR-ARCH-02][PR-ARCH-03] Takeover halts site processing (405ms)
  Γ£ô   12 [chromium] ΓÇ║ tests\architecture.spec.ts:109:5 ΓÇ║ Power Reader Architecture ΓÇ║ [PR-TECH-01] Built userscript contains required metadata block (106ms)
  Γ£ô   13 [chromium] ΓÇ║ tests\architecture.spec.ts:127:5 ΓÇ║ Power Reader Architecture ΓÇ║ [PR-DEV-01] Automated codegen utility exists (102ms)
  Γ£ô   11 [chromium] ΓÇ║ tests\architecture.spec.ts:85:5 ΓÇ║ Power Reader Architecture ΓÇ║ [PR-ARCH-06] Protection observer re-injects if cleared (381ms)
  Γ£ô   14 [chromium] ΓÇ║ tests\archive-context.spec.ts:12:3 ΓÇ║ User Archive Context Type & View Modes ΓÇ║ [PR-UARCH-27] contextType enum replaces boolean flags (438ms)
  Γ£ô   15 [chromium] ΓÇ║ tests\archive-context.spec.ts:158:3 ΓÇ║ User Archive Context Type & View Modes ΓÇ║ [PR-UARCH-28] thread-placeholder creates local stubs without network (460ms)
  Γ£ô   16 [chromium] ΓÇ║ tests\archive-context.spec.ts:291:3 ΓÇ║ User Archive Context Type & View Modes ΓÇ║ [PR-UARCH-30] index view click-to-expand (575ms)
  Γ£ô   17 [chromium] ΓÇ║ tests\archive-context.spec.ts:83:3 ΓÇ║ User Archive Context Type & View Modes ΓÇ║ [PR-UARCH-28] thread-full fetches context from server (500ms)
  Γ£ô   18 [chromium] ΓÇ║ tests\archive-context.spec.ts:224:3 ΓÇ║ User Archive Context Type & View Modes ΓÇ║ [PR-UARCH-29] card view shows parent context stub (518ms)
  Γ£ô   19 [chromium] ΓÇ║ tests\archive-context.spec.ts:353:3 ΓÇ║ User Archive Context Type & View Modes ΓÇ║ [PR-UARCH-31] stub context renders without vote buttons (437ms)
  Γ£ô   21 [chromium] ΓÇ║ tests\archive-facets.spec.ts:66:3 ΓÇ║ Archive Facets ΓÇ║ computes type/author/year facets and detects active clauses via AST (11ms)
  Γ£ô   22 [chromium] ΓÇ║ tests\archive-facets.spec.ts:109:3 ΓÇ║ Archive Facets ΓÇ║ marks year facets active only for exact full-year date ranges (7ms)
  Γ£ô   24 [chromium] ΓÇ║ tests\archive-facets.spec.ts:127:3 ΓÇ║ Archive Facets ΓÇ║ returns delayed status when facet compute budget is exceeded (5ms)
  Γ£ô   23 [chromium] ΓÇ║ tests\archive-facets.spec.ts:93:3 ΓÇ║ Archive Facets ΓÇ║ escapes quoted author values in facet query fragments (7ms)
  Γ£ô   20 [chromium] ΓÇ║ tests\archive-context.spec.ts:414:3 ΓÇ║ User Archive Context Type & View Modes ΓÇ║ [PR-UARCH-32] context persists across view switches (718ms)
  Γ£ô   25 [chromium] ΓÇ║ tests\archive-route.spec.ts:17:5 ΓÇ║ Power Reader Archive Route ΓÇ║ falls back to main reader when archive view missing username [PR-UARCH-02] (495ms)
  Γ£ô   26 [chromium] ΓÇ║ tests\archive-route.spec.ts:638:5 ΓÇ║ Power Reader Archive Route ΓÇ║ search index refreshes after in-place canonical load-all merge [PR-UARCH-22] (979ms)
  Γ£ô   28 [chromium] ΓÇ║ tests\archive-route.spec.ts:37:5 ΓÇ║ Power Reader Archive Route ΓÇ║ [PR-UARCH-01] supports sorting and index view (690ms)
  Γ£ô   27 [chromium] ΓÇ║ tests\archive-context.spec.ts:510:3 ΓÇ║ User Archive Context Type & View Modes ΓÇ║ [PR-UARCH-33] isThreadMode helper and sort constraints apply across thread variants (750ms)
  Γ£ô   30 [chromium] ΓÇ║ tests\archive-route.spec.ts:109:5 ΓÇ║ Power Reader Archive Route ΓÇ║ [PR-UARCH-41] archive search worker is enabled by default (405ms)
  Γ£ô   29 [chromium] ΓÇ║ tests\archive-route.spec.ts:751:5 ΓÇ║ Power Reader Archive Route ΓÇ║ [PR-UARCH-46] archive search highlights matches and centers index snippets (742ms)
  Γ£ô   32 [chromium] ΓÇ║ tests\archive-route.spec.ts:170:5 ΓÇ║ Power Reader Archive Route ΓÇ║ [PR-UARCH-41] archive search worker can be disabled via global opt-out (450ms)
  Γ£ô    8 [chromium] ΓÇ║ tests\api-sanity.spec.ts:201:3 ΓÇ║ Live API Sanity (batched) ΓÇ║ verify comment, post, and user fields used by power-reader (57ms)
  Γ£ô   31 [chromium] ΓÇ║ tests\archive-route.spec.ts:1475:5 ΓÇ║ Power Reader Archive Route ΓÇ║ all sort modes work: date-asc, score-asc, replyTo, relevance gating [PR-UARCH-09] (932ms)
  Γ£ô   35 [chromium] ΓÇ║ tests\api-sanity.spec.ts:254:3 ΓÇ║ Live API Sanity (batched) ΓÇ║ verify GET_RECENT_COMMENTS supports offset (8ms)
  Γ£ô   37 [chromium] ΓÇ║ tests\api-sanity.spec.ts:264:3 ΓÇ║ Live API Sanity (batched) ΓÇ║ verify comment ID to date resolution (4ms)
  Γ£ô   38 [chromium] ΓÇ║ tests\api-sanity.spec.ts:271:3 ΓÇ║ Live API Sanity (batched) ΓÇ║ verify GetCommentReplies query structure with selector (2ms)
  Γ£ô   34 [chromium] ΓÇ║ tests\archive-route.spec.ts:234:5 ΓÇ║ Power Reader Archive Route ΓÇ║ [PR-UARCH-11] supports thread view with context fetching (677ms)
  Γ£ô   33 [chromium] ΓÇ║ tests\archive-route.spec.ts:832:5 ΓÇ║ Power Reader Archive Route ΓÇ║ archive facets add, replace, and remove structured query fragments (1.0s)
  Γ£ô   36 [chromium] ΓÇ║ tests\archive-route.spec.ts:1618:5 ΓÇ║ Power Reader Archive Route ΓÇ║ all view modes work including explicit card mode [PR-UARCH-10] (747ms)
  Γ£ô   40 [chromium] ΓÇ║ tests\archive-route.spec.ts:323:5 ΓÇ║ Power Reader Archive Route ΓÇ║ [PR-UARCH-20] thread view supports group-level date sorting (773ms)
  Γ£ô   41 [chromium] ΓÇ║ tests\archive-route.spec.ts:952:5 ΓÇ║ Power Reader Archive Route ΓÇ║ invalid regex literals are excluded with warning [PR-UARCH-08] (1.1s)
node.exe : [api-sanity] VoteMutation GraphQL errors: [
At line:1 char:1
+ & "C:\Program Files\nodejs/node.exe" "C:\Program 
Files\nodejs/node_mo ...
+ ~~~~~~~~~~~~~~~~~~~~~~~~~~~~~~~~~~~~~~~~~~~~~~~~~~~~~~~~~~~~~~~~
~~~~~
    + CategoryInfo          : NotSpecified: ([api-sanity] Vo...ap 
   hQL errors: [:String) [], RemoteException
    + FullyQualifiedErrorId : NativeCommandError
 
  {
    "message": "Error casting vote: Not logged in.",
    "locations": [
      {
        "line": 3,
        "column": 9
      }
    ],
    "path": [
      "performVoteComment"
    ],
    "extensions": {
      "code": "INTERNAL_SERVER_ERROR",
      "stacktrace": [
        "Error: Error casting vote: Not logged in.",
        "    at eE 
(/var/task/.next/server/chunks/_7c7ba639._.js:95:21006)",
        "    at process.processTicksAndRejections 
(node:internal/process/task_queues:103:5)",
        "    at async Object.performVoteComment 
(/var/task/.next/server/chunks/_7c7ba639._.js:104:193)"
      ]
    }
  }
]
  Γ£ô   39 [chromium] ΓÇ║ tests\api-sanity.spec.ts:275:3 ΓÇ║ Live API Sanity (batched) ΓÇ║ verify performVoteComment mutation structure via neutral vote on nonexistent doc (1.8s)
  Γ£ô   42 [chromium] ΓÇ║ tests\archive-route.spec.ts:1681:5 ΓÇ║ Power Reader Archive Route ΓÇ║ load-more expands rendered items and hides when exhausted [PR-UARCH-12] (1.3s)
  Γ£ô   43 [chromium] ΓÇ║ tests\archive-route.spec.ts:400:5 ΓÇ║ Power Reader Archive Route ΓÇ║ [PR-UARCH-21] thread view supports group-level karma sorting (891ms)
  Γ£ô   44 [chromium] ΓÇ║ tests\archive-route.spec.ts:1027:5 ΓÇ║ Power Reader Archive Route ΓÇ║ structured field operators filter deterministically [PR-UARCH-08] (1.0s)
  Γ£ô   46 [chromium] ΓÇ║ tests\archive-route.spec.ts:1733:5 ΓÇ║ Power Reader Archive Route ΓÇ║ supports resync, adaptive batching and shows sync status [PR-UARCH-14][PR-UARCH-15][PR-UARCH-16][PR-UARCH-17] (751ms)
  Γ£ô   45 [chromium] ΓÇ║ tests\archive-route.spec.ts:2231:5 ΓÇ║ Power Reader Archive Route ΓÇ║ [PR-UARCH-38] archive link previews dismiss when mouse leaves trigger (1.1s)
  Γ£ô   47 [chromium] ΓÇ║ tests\archive-route.spec.ts:480:5 ΓÇ║ Power Reader Archive Route ΓÇ║ search supports explicit regex literal filtering [PR-UARCH-08] (1.1s)
  Γ£ô   49 [chromium] ΓÇ║ tests\archive-route.spec.ts:1793:5 ΓÇ║ Power Reader Archive Route ΓÇ║ Large Dataset dialog persists choice across sort changes [PR-UARCH-18] (855ms)
  Γ£ô   51 [chromium] ΓÇ║ tests\archive-route.spec.ts:563:5 ΓÇ║ Power Reader Archive Route ΓÇ║ search syntax help expands and example clicks execute queries [PR-UARCH-08] (580ms)
  Γ£ô   53 [chromium] ΓÇ║ tests\archive-search-conformance.spec.ts:275:5 ΓÇ║ archive search conformance: v1-core.json ΓÇ║ corpus metadata is valid (60 fixtures) (5ms)
  Γ£ô   54 [chromium] ΓÇ║ tests\archive-search-conformance.spec.ts:282:7 ΓÇ║ archive search conformance: v1-core.json ΓÇ║ mesa_optimizer__relevance (7ms)
  Γ£ô   55 [chromium] ΓÇ║ tests\archive-search-conformance.spec.ts:282:7 ΓÇ║ archive search conformance: v1-core.json ΓÇ║ mesa_optimizer__date (3ms)
  Γ£ô   50 [chromium] ΓÇ║ tests\archive-route.spec.ts:2287:5 ΓÇ║ Power Reader Archive Route ΓÇ║ [PR-UARCH-26] Load More preserves link previews and post action buttons (707ms)
  Γ£ô   56 [chromium] ΓÇ║ tests\archive-search-conformance.spec.ts:282:7 ΓÇ║ archive search conformance: v1-core.json ΓÇ║ mesa_optimizer__date-asc (3ms)
  Γ£ô   58 [chromium] ΓÇ║ tests\archive-search-conformance.spec.ts:282:7 ΓÇ║ archive search conformance: v1-core.json ΓÇ║ mesa_optimizer__score (3ms)
  Γ£ô   59 [chromium] ΓÇ║ tests\archive-search-conformance.spec.ts:282:7 ΓÇ║ archive search conformance: v1-core.json ΓÇ║ mesa_optimizer__score-asc (4ms)
  Γ£ô   60 [chromium] ΓÇ║ tests\archive-search-conformance.spec.ts:282:7 ΓÇ║ archive search conformance: v1-core.json ΓÇ║ mesa_optimizer__replyTo (4ms)
  Γ£ô   61 [chromium] ΓÇ║ tests\archive-search-conformance.spec.ts:282:7 ΓÇ║ archive search conformance: v1-core.json ΓÇ║ comment_by_carol__relevance (3ms)
  Γ£ô   62 [chromium] ΓÇ║ tests\archive-search-conformance.spec.ts:282:7 ΓÇ║ archive search conformance: v1-core.json ΓÇ║ comment_by_carol__date (3ms)
  Γ£ô   63 [chromium] ΓÇ║ tests\archive-search-conformance.spec.ts:282:7 ΓÇ║ archive search conformance: v1-core.json ΓÇ║ comment_by_carol__date-asc (4ms)
  Γ£ô   64 [chromium] ΓÇ║ tests\archive-search-conformance.spec.ts:282:7 ΓÇ║ archive search conformance: v1-core.json ΓÇ║ comment_by_carol__score (3ms)
  Γ£ô   48 [chromium] ΓÇ║ tests\archive-route.spec.ts:1127:5 ΓÇ║ Power Reader Archive Route ΓÇ║ top status line and toolbar result count report search state [PR-UARCH-39] (1.5s)
  Γ£ô   65 [chromium] ΓÇ║ tests\archive-search-conformance.spec.ts:282:7 ΓÇ║ archive search conformance: v1-core.json ΓÇ║ comment_by_carol__score-asc (3ms)
  Γ£ô   67 [chromium] ΓÇ║ tests\archive-search-conformance.spec.ts:282:7 ΓÇ║ archive search conformance: v1-core.json ΓÇ║ comment_by_carol__replyTo (4ms)
  Γ£ô   68 [chromium] ΓÇ║ tests\archive-search-conformance.spec.ts:282:7 ΓÇ║ archive search conformance: v1-core.json ΓÇ║ comment_by_dana__relevance (3ms)
  Γ£ô   69 [chromium] ΓÇ║ tests\archive-search-conformance.spec.ts:282:7 ΓÇ║ archive search conformance: v1-core.json ΓÇ║ comment_by_dana__date (4ms)
  Γ£ô   70 [chromium] ΓÇ║ tests\archive-search-conformance.spec.ts:282:7 ΓÇ║ archive search conformance: v1-core.json ΓÇ║ comment_by_dana__date-asc (3ms)
  Γ£ô   71 [chromium] ΓÇ║ tests\archive-search-conformance.spec.ts:282:7 ΓÇ║ archive search conformance: v1-core.json ΓÇ║ comment_by_dana__score (3ms)
  Γ£ô   72 [chromium] ΓÇ║ tests\archive-search-conformance.spec.ts:282:7 ΓÇ║ archive search conformance: v1-core.json ΓÇ║ comment_by_dana__score-asc (4ms)
  Γ£ô   73 [chromium] ΓÇ║ tests\archive-search-conformance.spec.ts:282:7 ΓÇ║ archive search conformance: v1-core.json ΓÇ║ comment_by_dana__replyTo (4ms)
  Γ£ô   74 [chromium] ΓÇ║ tests\archive-search-conformance.spec.ts:282:7 ΓÇ║ archive search conformance: v1-core.json ΓÇ║ post_by_bob__relevance (4ms)
  Γ£ô   75 [chromium] ΓÇ║ tests\archive-search-conformance.spec.ts:282:7 ΓÇ║ archive search conformance: v1-core.json ΓÇ║ post_by_bob__date (4ms)
  Γ£ô   76 [chromium] ΓÇ║ tests\archive-search-conformance.spec.ts:282:7 ΓÇ║ archive search conformance: v1-core.json ΓÇ║ post_by_bob__date-asc (4ms)
  Γ£ô   77 [chromium] ΓÇ║ tests\archive-search-conformance.spec.ts:282:7 ΓÇ║ archive search conformance: v1-core.json ΓÇ║ post_by_bob__score (3ms)
  Γ£ô   78 [chromium] ΓÇ║ tests\archive-search-conformance.spec.ts:282:7 ΓÇ║ archive search conformance: v1-core.json ΓÇ║ post_by_bob__score-asc (3ms)
  Γ£ô   79 [chromium] ΓÇ║ tests\archive-search-conformance.spec.ts:282:7 ΓÇ║ archive search conformance: v1-core.json ΓÇ║ post_by_bob__replyTo (4ms)
  Γ£ô   80 [chromium] ΓÇ║ tests\archive-search-conformance.spec.ts:282:7 ΓÇ║ archive search conformance: v1-core.json ΓÇ║ alice_high_score_post__relevance (4ms)
  Γ£ô   81 [chromium] ΓÇ║ tests\archive-search-conformance.spec.ts:282:7 ΓÇ║ archive search conformance: v1-core.json ΓÇ║ alice_high_score_post__date (7ms)
  Γ£ô   82 [chromium] ΓÇ║ tests\archive-search-conformance.spec.ts:282:7 ΓÇ║ archive search conformance: v1-core.json ΓÇ║ alice_high_score_post__date-asc (4ms)
  Γ£ô   83 [chromium] ΓÇ║ tests\archive-search-conformance.spec.ts:282:7 ΓÇ║ archive search conformance: v1-core.json ΓÇ║ alice_high_score_post__score (3ms)
  Γ£ô   52 [chromium] ΓÇ║ tests\archive-route.spec.ts:1851:5 ΓÇ║ Power Reader Archive Route ΓÇ║ [PR-UARCH-19] event handlers work after archive rerender (ReaderState identity) (824ms)
  Γ£ô   84 [chromium] ΓÇ║ tests\archive-search-conformance.spec.ts:282:7 ΓÇ║ archive search conformance: v1-core.json ΓÇ║ alice_high_score_post__score-asc (5ms)
  Γ£ô   86 [chromium] ΓÇ║ tests\archive-search-conformance.spec.ts:282:7 ΓÇ║ archive search conformance: v1-core.json ΓÇ║ alice_high_score_post__replyTo (5ms)
  Γ£ô   87 [chromium] ΓÇ║ tests\archive-search-conformance.spec.ts:282:7 ΓÇ║ archive search conformance: v1-core.json ΓÇ║ replyto_carol__relevance (4ms)
  Γ£ô   88 [chromium] ΓÇ║ tests\archive-search-conformance.spec.ts:282:7 ΓÇ║ archive search conformance: v1-core.json ΓÇ║ replyto_carol__date (4ms)
  Γ£ô   89 [chromium] ΓÇ║ tests\archive-search-conformance.spec.ts:282:7 ΓÇ║ archive search conformance: v1-core.json ΓÇ║ replyto_carol__date-asc (3ms)
  Γ£ô   90 [chromium] ΓÇ║ tests\archive-search-conformance.spec.ts:282:7 ΓÇ║ archive search conformance: v1-core.json ΓÇ║ replyto_carol__score (3ms)
  Γ£ô   91 [chromium] ΓÇ║ tests\archive-search-conformance.spec.ts:282:7 ΓÇ║ archive search conformance: v1-core.json ΓÇ║ replyto_carol__score-asc (4ms)
  Γ£ô   92 [chromium] ΓÇ║ tests\archive-search-conformance.spec.ts:282:7 ΓÇ║ archive search conformance: v1-core.json ΓÇ║ replyto_carol__replyTo (5ms)
  Γ£ô   93 [chromium] ΓÇ║ tests\archive-search-conformance.spec.ts:282:7 ΓÇ║ archive search conformance: v1-core.json ΓÇ║ date_exact_post__relevance (5ms)
  Γ£ô   57 [chromium] ΓÇ║ tests\archive-route.spec.ts:2367:5 ΓÇ║ Power Reader Archive Route ΓÇ║ [PR-UARCH-42] clear button clears query and keeps scope/sort URL state in sync (768ms)
  Γ£ô   94 [chromium] ΓÇ║ tests\archive-search-conformance.spec.ts:282:7 ΓÇ║ archive search conformance: v1-core.json ΓÇ║ date_exact_post__date (4ms)
  Γ£ô   96 [chromium] ΓÇ║ tests\archive-search-conformance.spec.ts:282:7 ΓÇ║ archive search conformance: v1-core.json ΓÇ║ date_exact_post__date-asc (3ms)
  Γ£ô   97 [chromium] ΓÇ║ tests\archive-search-conformance.spec.ts:282:7 ΓÇ║ archive search conformance: v1-core.json ΓÇ║ date_exact_post__score (4ms)
  Γ£ô   98 [chromium] ΓÇ║ tests\archive-search-conformance.spec.ts:282:7 ΓÇ║ archive search conformance: v1-core.json ΓÇ║ date_exact_post__score-asc (2ms)
  Γ£ô   99 [chromium] ΓÇ║ tests\archive-search-conformance.spec.ts:282:7 ΓÇ║ archive search conformance: v1-core.json ΓÇ║ date_exact_post__replyTo (2ms)
  Γ£ô  100 [chromium] ΓÇ║ tests\archive-search-conformance.spec.ts:282:7 ΓÇ║ archive search conformance: v1-core.json ΓÇ║ date_gt_comment__relevance (3ms)
  Γ£ô  101 [chromium] ΓÇ║ tests\archive-search-conformance.spec.ts:282:7 ΓÇ║ archive search conformance: v1-core.json ΓÇ║ date_gt_comment__date (3ms)
  Γ£ô  102 [chromium] ΓÇ║ tests\archive-search-conformance.spec.ts:282:7 ΓÇ║ archive search conformance: v1-core.json ΓÇ║ date_gt_comment__date-asc (3ms)
  Γ£ô  103 [chromium] ΓÇ║ tests\archive-search-conformance.spec.ts:282:7 ΓÇ║ archive search conformance: v1-core.json ΓÇ║ date_gt_comment__score (3ms)
  Γ£ô  104 [chromium] ΓÇ║ tests\archive-search-conformance.spec.ts:282:7 ΓÇ║ archive search conformance: v1-core.json ΓÇ║ date_gt_comment__score-asc (3ms)
  Γ£ô  105 [chromium] ΓÇ║ tests\archive-search-conformance.spec.ts:282:7 ΓÇ║ archive search conformance: v1-core.json ΓÇ║ date_gt_comment__replyTo (3ms)
  Γ£ô  106 [chromium] ΓÇ║ tests\archive-search-conformance.spec.ts:282:7 ΓÇ║ archive search conformance: v1-core.json ΓÇ║ low_score_bob_comment__relevance (2ms)
  Γ£ô  107 [chromium] ΓÇ║ tests\archive-search-conformance.spec.ts:282:7 ΓÇ║ archive search conformance: v1-core.json ΓÇ║ low_score_bob_comment__date (2ms)
  Γ£ô  108 [chromium] ΓÇ║ tests\archive-search-conformance.spec.ts:282:7 ΓÇ║ archive search conformance: v1-core.json ΓÇ║ low_score_bob_comment__date-asc (3ms)
  Γ£ô  109 [chromium] ΓÇ║ tests\archive-search-conformance.spec.ts:282:7 ΓÇ║ archive search conformance: v1-core.json ΓÇ║ low_score_bob_comment__score (4ms)
  Γ£ô  110 [chromium] ΓÇ║ tests\archive-search-conformance.spec.ts:282:7 ΓÇ║ archive search conformance: v1-core.json ΓÇ║ low_score_bob_comment__score-asc (3ms)
  Γ£ô  111 [chromium] ΓÇ║ tests\archive-search-conformance.spec.ts:282:7 ΓÇ║ archive search conformance: v1-core.json ΓÇ║ low_score_bob_comment__replyTo (3ms)
  Γ£ô  112 [chromium] ΓÇ║ tests\archive-search-conformance.spec.ts:282:7 ΓÇ║ archive search conformance: v1-core.json ΓÇ║ regex_context_post__relevance (4ms)
  Γ£ô  113 [chromium] ΓÇ║ tests\archive-search-conformance.spec.ts:282:7 ΓÇ║ archive search conformance: v1-core.json ΓÇ║ regex_context_post__date (3ms)
  Γ£ô  114 [chromium] ΓÇ║ tests\archive-search-conformance.spec.ts:282:7 ΓÇ║ archive search conformance: v1-core.json ΓÇ║ regex_context_post__date-asc (3ms)
  Γ£ô  115 [chromium] ΓÇ║ tests\archive-search-conformance.spec.ts:282:7 ΓÇ║ archive search conformance: v1-core.json ΓÇ║ regex_context_post__score (4ms)
  Γ£ô  116 [chromium] ΓÇ║ tests\archive-search-conformance.spec.ts:282:7 ΓÇ║ archive search conformance: v1-core.json ΓÇ║ regex_context_post__score-asc (4ms)
  Γ£ô  117 [chromium] ΓÇ║ tests\archive-search-conformance.spec.ts:282:7 ΓÇ║ archive search conformance: v1-core.json ΓÇ║ regex_context_post__replyTo (3ms)
  Γ£ô   66 [chromium] ΓÇ║ tests\archive-route.spec.ts:1231:5 ΓÇ║ Power Reader Archive Route ΓÇ║ directive-only queries keep toolbar count in items mode after canonicalization [PR-UARCH-39] (1.1s)
  Γ£ô   85 [chromium] ΓÇ║ tests\archive-route.spec.ts:1957:5 ΓÇ║ Power Reader Archive Route ΓÇ║ [PR-UARCH-23] archive thread view populates currentUserId for authenticated actions (676ms)
  Γ£ô   95 [chromium] ΓÇ║ tests\archive-route.spec.ts:2438:5 ΓÇ║ Power Reader Archive Route ΓÇ║ [PR-UARCH-43] keyboard shortcuts focus search and escape clears then blurs (635ms)
  Γ£ô  118 [chromium] ΓÇ║ tests\archive-route.spec.ts:1298:5 ΓÇ║ Power Reader Archive Route ΓÇ║ URL restores structured query/sort/scope and canonicalizes in-query scope [PR-UARCH-08] (824ms)
  Γ£ô  119 [chromium] ΓÇ║ tests\archive-route.spec.ts:2043:5 ΓÇ║ Power Reader Archive Route ΓÇ║ [PR-UARCH-24] thread sort mode persists through Load More (970ms)
  Γ£ô  120 [chromium] ΓÇ║ tests\archive-route.spec.ts:2502:5 ΓÇ║ Power Reader Archive Route ΓÇ║ [PR-UARCH-44] reset restores query-driven scope directives after manual scope selection (1.3s)
  Γ£ô  123 [chromium] ΓÇ║ tests\archive-search-highlight.spec.ts:35:3 ΓÇ║ Archive Search Highlight Utilities ΓÇ║ extractHighlightTerms keeps positive text terms and phrases only (1ms)
  Γ£ô  125 [chromium] ΓÇ║ tests\archive-search-highlight.spec.ts:41:3 ΓÇ║ Archive Search Highlight Utilities ΓÇ║ extractHighlightTerms caps output term count (2ms)
  Γ£ô  126 [chromium] ΓÇ║ tests\archive-search-highlight.spec.ts:49:3 ΓÇ║ Archive Search Highlight Utilities ΓÇ║ extractSnippet centers around first matched term when available (2ms)
  Γ£ô  127 [chromium] ΓÇ║ tests\archive-search-highlight.spec.ts:58:3 ΓÇ║ Archive Search Highlight Utilities ΓÇ║ buildHighlightRegex matches punctuation-separated and apostrophe terms (3ms)
  Γ£ô  128 [chromium] ΓÇ║ tests\archive-search-highlight.spec.ts:67:3 ΓÇ║ Archive Search Highlight Utilities ΓÇ║ extractSnippet falls back to head truncation when no match exists (1ms)
  Γ£ô  129 [chromium] ΓÇ║ tests\archive-search-highlight.spec.ts:73:3 ΓÇ║ Archive Search Highlight Utilities ΓÇ║ extractSnippet centers around punctuation-separated term variants (3ms)
  Γ£ô  130 [chromium] ΓÇ║ tests\archive-search-highlight.spec.ts:82:3 ΓÇ║ Archive Search Highlight Utilities ΓÇ║ extractSnippet centers around apostrophe variants (3ms)
  Γ£ô  131 [chromium] ΓÇ║ tests\archive-search-highlight.spec.ts:91:3 ΓÇ║ Archive Search Highlight Utilities ΓÇ║ renderIndexItem uses snippet terms for comment body excerpts (38ms)
  Γ£ô  124 [chromium] ΓÇ║ tests\archive-route.spec.ts:2561:5 ΓÇ║ Power Reader Archive Route ΓÇ║ [PR-UARCH-45] scope/view controls support ArrowUp and ArrowDown keyboard navigation (506ms)
  Γ£ô  132 [chromium] ΓÇ║ tests\archive-search-highlight.spec.ts:111:3 ΓÇ║ Archive Search Highlight Utilities ΓÇ║ highlightTermsInContainer inserts marks and removes them on clear (168ms)
  Γ£ô  122 [chromium] ΓÇ║ tests\archive-route.spec.ts:2128:5 ΓÇ║ Power Reader Archive Route ΓÇ║ [PR-UARCH-25] context comments stay out of canonical items but render nested parent context in card view (1.1s)
  Γ£ô  133 [chromium] ΓÇ║ tests\archive-search-manager.spec.ts:229:3 ΓÇ║ Archive Search Manager/Fallback ΓÇ║ fallback downgrades regex literals to plain-text contains checks (6ms)
  Γ£ô  134 [chromium] ΓÇ║ tests\archive-search-manager.spec.ts:298:3 ΓÇ║ Archive Search Manager/Fallback ΓÇ║ runtime search emits debug relevance payload only when requested (4ms)
  Γ£ô  135 [chromium] ΓÇ║ tests\archive-search-manager.spec.ts:252:3 ΓÇ║ Archive Search Manager/Fallback ΓÇ║ fallback does not report regex downgrade when regex literal cannot be transformed (4ms)
  Γ£ô  136 [chromium] ΓÇ║ tests\archive-search-manager.spec.ts:329:3 ΓÇ║ Archive Search Manager/Fallback ΓÇ║ worker requested without client falls back to runtime mode when Worker unavailable (3ms)
  Γ£ô  139 [chromium] ΓÇ║ tests\archive-search-manager.spec.ts:274:3 ΓÇ║ Archive Search Manager/Fallback ΓÇ║ search manager defaults to runtime mode and returns results (6ms)
  Γ£ô  137 [chromium] ΓÇ║ tests\archive-search-manager.spec.ts:337:3 ΓÇ║ Archive Search Manager/Fallback ΓÇ║ manager waits for worker index sync before sending query (114ms)
  Γ£ô  138 [chromium] ΓÇ║ tests\archive-search-manager.spec.ts:369:3 ΓÇ║ Archive Search Manager/Fallback ΓÇ║ superseded query during index sync is cancelled before worker run (110ms)
  Γ£ô  140 [chromium] ΓÇ║ tests\archive-search-manager.spec.ts:410:3 ΓÇ║ Archive Search Manager/Fallback ΓÇ║ cancelled prior worker query does not disable worker mode (120ms)
  Γ£ô  141 [chromium] ΓÇ║ tests\archive-search-manager.spec.ts:448:3 ΓÇ║ Archive Search Manager/Fallback ΓÇ║ worker total is reconciled when stale ids are missing on the main thread (120ms)
  Γ£ô  142 [chromium] ΓÇ║ tests\archive-search-manager.spec.ts:476:3 ΓÇ║ Archive Search Manager/Fallback ΓÇ║ manager forwards debugExplain to worker and exposes worker debug payload (121ms)
  Γ£ô  121 [chromium] ΓÇ║ tests\archive-route.spec.ts:1386:5 ΓÇ║ Power Reader Archive Route ΓÇ║ scope:all context-only hits stay renderable in index expand and thread views [PR-UARCH-08] (1.6s)
  Γ£ô  143 [chromium] ΓÇ║ tests\archive-search-manager.spec.ts:517:3 ΓÇ║ Archive Search Manager/Fallback ΓÇ║ manager suppresses worker debug payload when request does not enable debugExplain (110ms)
  Γ£ô  145 [chromium] ΓÇ║ tests\archive-search-manager.spec.ts:606:3 ΓÇ║ Archive Search Manager/Fallback ΓÇ║ manager skips redundant context worker full-index when context references are unchanged (2ms)
  Γ£ô  146 [chromium] ΓÇ║ tests\archive-search-manager.spec.ts:643:3 ΓÇ║ Archive Search Manager/Fallback ΓÇ║ worker client rejects pending requests when worker emits error (7ms)
  Γ£ô  147 [chromium] ΓÇ║ tests\archive-search-manager.spec.ts:669:3 ΓÇ║ Archive Search Manager/Fallback ΓÇ║ worker client transports debugExplain request and response payloads (5ms)
  Γ£ô  149 [chromium] ΓÇ║ tests\archive-search-manager.spec.ts:721:3 ΓÇ║ Archive Search Manager/Fallback ΓÇ║ worker client rejects pending requests when worker emits messageerror (4ms)
  Γ£ô  148 [chromium] ΓÇ║ tests\archive-search-manager.spec.ts:731:3 ΓÇ║ Archive Search Manager/Fallback ΓÇ║ chunked index request helper emits stable chunk metadata (6ms)
  Γ£ô  150 [chromium] ΓÇ║ tests\archive-search-manager.spec.ts:743:3 ΓÇ║ Archive Search Manager/Fallback ΓÇ║ fallback default budget constant remains 150ms (2ms)
  Γ£ô  151 [chromium] ΓÇ║ tests\archive-search-manager.spec.ts:625:3 ΓÇ║ Archive Search Manager/Fallback ΓÇ║ manager skips redundant authored worker full-index when authored refs and revision are unchanged (5ms)
  Γ£ô  152 [chromium] ΓÇ║ tests\archive-search.spec.ts:65:3 ΓÇ║ Archive Structured Search Core ΓÇ║ slash-prefixed malformed regex token is warned and excluded (4ms)
  Γ£ô  144 [chromium] ΓÇ║ tests\archive-search-manager.spec.ts:557:3 ΓÇ║ Archive Search Manager/Fallback ΓÇ║ manager filters worker debug payload to mapped ids (108ms)
  Γ£ô  153 [chromium] ΓÇ║ tests\archive-search.spec.ts:72:3 ΓÇ║ Archive Structured Search Core ΓÇ║ normalized multi-token term still matches via Stage-A acceleration (5ms)
  Γ£ô  154 [chromium] ΓÇ║ tests\archive-search.spec.ts:127:3 ΓÇ║ Archive Structured Search Core ΓÇ║ field-positive query with negation is accepted (6ms)
  Γ£ô  155 [chromium] ΓÇ║ tests\archive-search.spec.ts:187:3 ΓÇ║ Archive Structured Search Core ΓÇ║ impossible calendar dates in date filters are rejected [PR-UARCH-40] (5ms)
  Γ£ô  156 [chromium] ΓÇ║ tests\archive-search.spec.ts:195:3 ΓÇ║ Archive Structured Search Core ΓÇ║ gt/lt field clauses set only relevant bound inclusivity flags (12ms)
  Γ£ô  157 [chromium] ΓÇ║ tests\archive-search.spec.ts:211:3 ΓÇ║ Archive Structured Search Core ΓÇ║ canonical query round-trip preserves normalized single-term semantics (5ms)
  Γ£ô  159 [chromium] ΓÇ║ tests\archive-search.spec.ts:252:3 ΓÇ║ Archive Structured Search Core ΓÇ║ reusing the same authored items reference does not rebuild authored index (2ms)
  Γ£ô  158 [chromium] ΓÇ║ tests\archive-search.spec.ts:220:3 ΓÇ║ Archive Structured Search Core ΓÇ║ sticky regex flag is stripped to keep corpus matching deterministic (28ms)
  Γ£ô  161 [chromium] ΓÇ║ tests\archive-search.spec.ts:282:3 ΓÇ║ Archive Structured Search Core ΓÇ║ append-only authored updates patch index without full rebuild (4ms)
  Γ£ô  162 [chromium] ΓÇ║ tests\archive-search.spec.ts:308:3 ΓÇ║ Archive Structured Search Core ΓÇ║ existing-item replacement triggers full authored rebuild (2ms)
  Γ£ô  163 [chromium] ΓÇ║ tests\archive-search.spec.ts:325:3 ΓÇ║ Archive Structured Search Core ΓÇ║ phrase-only query matches exact substring in body (6ms)
  Γ£ô  164 [chromium] ΓÇ║ tests\archive-search.spec.ts:100:3 ΓÇ║ Archive Structured Search Core ΓÇ║ normalized multi-token term does not match across title/body boundary (7ms)
  Γ£ô  165 [chromium] ΓÇ║ tests\archive-search.spec.ts:352:3 ΓÇ║ Archive Structured Search Core ΓÇ║ wildcard + negation returns everything except excluded type (3ms)
  Γ£ô  160 [chromium] ΓÇ║ tests\archive-search.spec.ts:267:3 ΓÇ║ Archive Structured Search Core ΓÇ║ same authored reference rebuilds when revision token changes (2ms)
  Γ£ô  166 [chromium] ΓÇ║ tests\archive-search.spec.ts:375:3 ΓÇ║ Archive Structured Search Core ΓÇ║ scope:all dedup prefers authored over context for same ID (5ms)
  Γ£ô  167 [chromium] ΓÇ║ tests\archive-search.spec.ts:404:3 ΓÇ║ Archive Structured Search Core ΓÇ║ escaped quotes inside phrase are tokenized correctly (3ms)
  Γ£ô  169 [chromium] ΓÇ║ tests\archive-search.spec.ts:168:3 ΓÇ║ Archive Structured Search Core ΓÇ║ negation-only query is rejected with one warning entry (4ms)
  Γ£ô  168 [chromium] ΓÇ║ tests\archive-search.spec.ts:412:3 ΓÇ║ Archive Structured Search Core ΓÇ║ budgetMs:0 disables time budget enforcement (52ms)
  Γ£ô  173 [chromium] ΓÇ║ tests\archive-sync.spec.ts:657:5 ΓÇ║ Power Reader Archive Sync ΓÇ║ [PR-UARCH-37] archive pagination continues when partial batch contains invalid rows (556ms)
  Γ£ô  174 [chromium] ΓÇ║ tests\archive-url-state.spec.ts:10:3 ΓÇ║ archive url state ΓÇ║ write keeps sort=date explicit while omitting authored scope (4ms)
  Γ£ô  175 [chromium] ΓÇ║ tests\archive-url-state.spec.ts:43:3 ΓÇ║ archive url state ΓÇ║ parse defaults to date sort when URL has no sort parameter (3ms)
  Γ£ô  170 [chromium] ΓÇ║ tests\archive-sync.spec.ts:12:5 ΓÇ║ Power Reader Archive Sync ΓÇ║ [PR-UARCH-03][PR-UARCH-06] cached archive remains visible when background sync throws (710ms)
  Γ£ô  172 [chromium] ΓÇ║ tests\archive-sync.spec.ts:219:1 ΓÇ║ Power Reader Archive Sync ΓÇ║ [PR-UARCH-22] canonical state sync preserves fetched context across rerenders (780ms)
  Γ£ô  171 [chromium] ΓÇ║ tests\archive-sync.spec.ts:417:5 ΓÇ║ Power Reader Archive Sync ΓÇ║ [PR-UARCH-34][PR-UARCH-35][PR-UARCH-38] context cache persists across sessions and resolves parent by ID before network (978ms)
  Γ£ô  176 [chromium] ΓÇ║ tests\author-info.spec.ts:12:5 ΓÇ║ Author Info Features ΓÇ║ [PR-AUTH-03][PR-AUTH-04] Author should show full name and link to profile (574ms)
  Γ£ô  177 [chromium] ΓÇ║ tests\archive-sync.spec.ts:83:5 ΓÇ║ Power Reader Archive Sync ΓÇ║ sync watermark uses sync-start and does not skip in-flight items [PR-UARCH-05] (892ms)
  Γ£ô  179 [chromium] ΓÇ║ tests\archive-sync.spec.ts:546:5 ΓÇ║ Power Reader Archive Sync ΓÇ║ [PR-UARCH-36] canonical post body is not downgraded by context-lite payloads (660ms)
  Γ£ô  178 [chromium] ΓÇ║ tests\archive-sync.spec.ts:314:1 ΓÇ║ Power Reader Archive Sync ΓÇ║ [PR-UARCH-03][PR-UARCH-04][PR-UARCH-07] incremental sync fetches new items (1.0s)
  Γ£ô  180 [chromium] ΓÇ║ tests\author-info.spec.ts:40:5 ΓÇ║ Author Info Features ΓÇ║ [PR-AUTH-09] Author hover should show preview with bio (1.0s)
  Γ£ô  183 [chromium] ΓÇ║ tests\author-preferences.spec.ts:6:5 ΓÇ║ Power Reader Author Preferences ΓÇ║ [PR-AUTH-01][PR-AUTH-02][PR-AUTH-06][PR-AUTH-07] toggling favor/disfavor persists and updates UI (614ms)
  Γ£ô  181 [chromium] ΓÇ║ tests\author-info.spec.ts:85:5 ΓÇ║ Author Info Features ΓÇ║ [PR-UARCH-13] Author hover preview includes archive link with slug/username (964ms)
  Γ£ô  182 [chromium] ΓÇ║ tests\author-info.spec.ts:134:5 ΓÇ║ Author Info Features ΓÇ║ [PR-UARCH-13] Author preview archive link falls back to username when slug missing (981ms)
  Γ£ô  187 [chromium] ΓÇ║ tests\comment-lookup.spec.ts:38:3 ΓÇ║ Comment Lookup Contract Tests ΓÇ║ fetch specific comment returns expected structure (55ms)
  Γ£ô  188 [chromium] ΓÇ║ tests\comment-lookup.spec.ts:94:3 ΓÇ║ Comment Lookup Contract Tests ΓÇ║ performVoteComment mutation returns expected fields (not "Cannot query field") (18ms)
  Γ£ô  184 [chromium] ΓÇ║ tests\auto-expansion.spec.ts:5:5 ΓÇ║ Automatic Expansion on Navigation [PR-NAV-11] ΓÇ║ should expand read placeholders when navigating to parent (617ms)
  Γ£ô  185 [chromium] ΓÇ║ tests\auto-expansion.spec.ts:39:5 ΓÇ║ Automatic Expansion on Navigation [PR-NAV-11] ΓÇ║ should expand ALL ancestors when tracing to root [t] (672ms)
Parent Color: rgb(112, 112, 112)
Child Color: rgb(0, 0, 0)
  Γ£ô  186 [chromium] ΓÇ║ tests\bug-read-inheritance.spec.ts:6:5 ΓÇ║ Bug: Read Inheritance ΓÇ║ read parent comment should not color unread child comments (708ms)
  Γ£ô  190 [chromium] ΓÇ║ tests\coverage-expansion.spec.ts:6:5 ΓÇ║ Power Reader Expanded Coverage ΓÇ║ [PR-URL-01][PR-URL-04] Should activate on LessWrong /reader and show setup if no loadFrom (483ms)
Parent classes after scrolling past its body: pr-comment pr-item
  Γ£ô  191 [chromium] ΓÇ║ tests\coverage-expansion.spec.ts:19:5 ΓÇ║ Power Reader Expanded Coverage ΓÇ║ [PR-URL-03] Should activate on EA Forum /reader (492ms)
  Γ£ô  192 [chromium] ΓÇ║ tests\coverage-expansion.spec.ts:29:5 ΓÇ║ Power Reader Expanded Coverage ΓÇ║ [PR-SETUP-01][PR-SETUP-02][PR-SETUP-03][PR-SETUP-04][PR-LOAD-01.1] Setup UI date picker and default behavior (495ms)
  Γ£ô  189 [chromium] ΓÇ║ tests\comment-read-tracking.ui.spec.ts:6:5 ΓÇ║ Comment Read Tracking ΓÇ║ comment should be marked read after scrolling past its body, even if children are still below (1.1s)
  Γ£ô  193 [chromium] ΓÇ║ tests\coverage-expansion.spec.ts:50:5 ΓÇ║ Power Reader Expanded Coverage ΓÇ║ [PR-HELP-01][PR-HELP-02][PR-HELP-04] Help panel behavior (661ms)
  Γ£ô  194 [chromium] ΓÇ║ tests\coverage-expansion.spec.ts:70:5 ΓÇ║ Power Reader Expanded Coverage ΓÇ║ [PR-HELP-03] Help panel stays collapsed on subsequent visits (510ms)
  Γ£ô  195 [chromium] ΓÇ║ tests\coverage-expansion.spec.ts:83:5 ΓÇ║ Power Reader Expanded Coverage ΓÇ║ [PR-ARCH-03][PR-ARCH-05] Page takeover logic (661ms)
  Γ£ô  196 [chromium] ΓÇ║ tests\coverage-expansion.spec.ts:109:5 ΓÇ║ Power Reader Expanded Coverage ΓÇ║ [PR-POST-04][PR-POST-05] Post truncation and expansion (675ms)
  Γ£ô  198 [chromium] ΓÇ║ tests\coverage-gap-filling.spec.ts:8:5 ΓÇ║ Coverage Gap Filling ΓÇ║ [PR-HELP-05][PR-HELP-06] Help panel layout and content (580ms)
  Γ£ô  199 [chromium] ΓÇ║ tests\coverage-gap-filling.spec.ts:25:5 ΓÇ║ Coverage Gap Filling ΓÇ║ [PR-GQL-01] GET_POST_COMMENTS usage in Load All Comments (696ms)
  Γ£ô  200 [chromium] ΓÇ║ tests\coverage-gap-filling.spec.ts:65:5 ΓÇ║ Coverage Gap Filling ΓÇ║ [PR-GQL-02] GET_THREAD_COMMENTS usage in Load Thread (622ms)
  Γ£ô  201 [chromium] ΓÇ║ tests\external-links.spec.ts:33:5 ΓÇ║ Power Reader External Links ΓÇ║ [PR-LINK-01] External links open in new tab (621ms)
  Γ£ô  203 [chromium] ΓÇ║ tests\external-links.spec.ts:51:5 ΓÇ║ Power Reader External Links ΓÇ║ [PR-LINK-03] Reader links stay in same tab (582ms)
  Γ£ô  202 [chromium] ΓÇ║ tests\external-links.spec.ts:43:5 ΓÇ║ Power Reader External Links ΓÇ║ [PR-LINK-01] Site links (not reader) open in new tab (747ms)
  Γ£ô  204 [chromium] ΓÇ║ tests\external-links.spec.ts:62:5 ΓÇ║ Power Reader External Links ΓÇ║ [PR-LINK-02] Internal anchors stay in same tab (555ms)
  Γ£ô  205 [chromium] ΓÇ║ tests\external-links.spec.ts:70:5 ΓÇ║ Power Reader External Links ΓÇ║ [PR-DATE-02] Timestamps link to original permalink in new tab (596ms)
  Γ£ô  206 [chromium] ΓÇ║ tests\fully-read-filter.spec.ts:5:5 ΓÇ║ Fully Read Filter [PR-POST-12] ΓÇ║ should NOT render posts that are fully read and have no unread comments (646ms)
  Γ£ô  197 [chromium] ΓÇ║ tests\coverage-expansion.spec.ts:141:5 ΓÇ║ Power Reader Expanded Coverage ΓÇ║ [PR-READ-06] Cleanup of old read IDs (2.7s)
  Γ£ô  207 [chromium] ΓÇ║ tests\fully-read-filter.spec.ts:48:5 ΓÇ║ Fully Read Filter [PR-POST-12] ΓÇ║ should RENDER fully read posts if they have unread comments (589ms)
  Γ£ô  208 [chromium] ΓÇ║ tests\header-injection.spec.ts:10:5 ΓÇ║ Header Injection [PR-INJECT-01] ΓÇ║ should inject Power Reader link into forum header (280ms)
  Γ£ô  209 [chromium] ΓÇ║ tests\header-injection.spec.ts:54:5 ΓÇ║ Header Injection [PR-INJECT-01] ΓÇ║ [PR-INJECT-02][PR-INJECT-03] should inject User Archive link on profile pages (331ms)
  Γ£ô  210 [chromium] ΓÇ║ tests\header-injection.spec.ts:108:5 ΓÇ║ Header Injection [PR-INJECT-01] ΓÇ║ [PR-INJECT-04] should not inject Archive link on non-profile pages (275ms)
  Γ£ô  211 [chromium] ΓÇ║ tests\header-injection.spec.ts:149:5 ΓÇ║ Header Injection [PR-INJECT-01] ΓÇ║ supports /users/id/slug URL format (281ms)
  Γ£ô  212 [chromium] ΓÇ║ tests\highlight-visibility.spec.ts:11:5 ΓÇ║ Power Reader Highlight Visibility ΓÇ║ [PR-NAV-03] Hovering Parent Link [^] highlights parent when fully visible (667ms)
  Γ£ô  213 [chromium] ΓÇ║ tests\highlight-visibility.spec.ts:60:5 ΓÇ║ Power Reader Highlight Visibility ΓÇ║ [PR-NAV-02][PR-NAV-04] Parent comment is present and correctly linked (636ms)
  Γ£ô  215 [chromium] ΓÇ║ tests\hotkey-fallback.spec.ts:5:5 ΓÇ║ Hotkey Fallback: PR-HK-07 ΓÇ║ [PR-HK-07] pressing "n" over a comment triggers the [n] action on the parent post (700ms)
  Γ£ô  216 [chromium] ΓÇ║ tests\hotkey-fallback.spec.ts:54:5 ΓÇ║ Hotkey Fallback: PR-HK-07 ΓÇ║ [PR-HK-07] pressing "e" over a comment toggles parent post body (643ms)
  Γ£ô  217 [chromium] ΓÇ║ tests\hotkeys.spec.ts:5:5 ΓÇ║ Power Reader Hotkeys ΓÇ║ [PR-HK-01][PR-HK-03][PR-HK-06] Hovering comment and pressing [-] collapses it and logs feedback (588ms)
  Γ£ô  218 [chromium] ΓÇ║ tests\hotkeys.spec.ts:42:5 ΓÇ║ Power Reader Hotkeys ΓÇ║ [PR-HK-03][PR-HK-05] Hovering collapsed comment and pressing [+] or [=] expands it (615ms)
  Γ£ô  219 [chromium] ΓÇ║ tests\hotkeys.spec.ts:122:5 ΓÇ║ Power Reader Hotkeys ΓÇ║ [PR-HK-04] Hotkeys are ignored when typing in an input (638ms)
  Γ£ô  220 [chromium] ΓÇ║ tests\hotkeys.spec.ts:76:5 ΓÇ║ Power Reader Hotkeys ΓÇ║ [PR-HK-02] Hovering post and pressing [e] toggles post body (682ms)
  Γ£ô  221 [chromium] ΓÇ║ tests\hotkeys.spec.ts:150:5 ΓÇ║ Power Reader Hotkeys ΓÇ║ [PR-HK-03] Hovering comment and pressing [r] triggers load-descendants (671ms)
  Γ£ô  222 [chromium] ΓÇ║ tests\hotkeys.spec.ts:191:5 ΓÇ║ Power Reader Hotkeys ΓÇ║ [PR-HK-01][PR-AI-01][PR-POSTBTN-07] Hovering post and pressing [g] triggers AI Studio (570ms)
  Γ£ô  214 [chromium] ΓÇ║ tests\highlight-visibility.spec.ts:109:5 ΓÇ║ Power Reader Highlight Visibility ΓÇ║ [PR-NAV-05] Hovering Parent Link [^] highlights sticky post header (2.7s)
  Γ£ô  223 [chromium] ΓÇ║ tests\hotkeys.spec.ts:213:5 ΓÇ║ Power Reader Hotkeys ΓÇ║ [PR-AI-01][PR-CMTBTN-03] Pressing [g] while hovering AI box or focal item closes it (736ms)
  Γ£ô  225 [chromium] ΓÇ║ tests\hover-previews.spec.ts:75:5 ΓÇ║ Power Reader Hover Previews ΓÇ║ Hovering post metadata DOES NOT trigger preview (615ms)
  Γ£ô  224 [chromium] ΓÇ║ tests\hover-previews.spec.ts:66:5 ΓÇ║ Power Reader Hover Previews ΓÇ║ [PR-PREV-01][PR-PREV-06] Hovering Post Title shows preview (997ms)
  Γ£ô  226 [chromium] ΓÇ║ tests\hover-previews.spec.ts:96:5 ΓÇ║ Power Reader Hover Previews ΓÇ║ [PR-NAV-09] Hovering Parent Link [^] shows preview (First Intent) (984ms)
  Γ£ô  227 [chromium] ΓÇ║ tests\hover-previews.spec.ts:86:5 ΓÇ║ Power Reader Hover Previews ΓÇ║ Hovering whitespace to the right of title triggers preview (1.2s)
  Γ£ô  230 [chromium] ΓÇ║ tests\hover-previews.spec.ts:142:5 ΓÇ║ Power Reader Hover Previews ΓÇ║ [PR-PREV-04] Mouse leave dismisses preview (970ms)
  Γ£ô  228 [chromium] ΓÇ║ tests\hover-previews.spec.ts:105:5 ΓÇ║ Power Reader Hover Previews ΓÇ║ [PR-PREV-01] Clicking Parent Link [^] cancels pending preview (1.6s)
  Γ£ô  229 [chromium] ΓÇ║ tests\hover-previews.spec.ts:122:5 ΓÇ║ Power Reader Hover Previews ΓÇ║ [PR-PREV-02] Scroll-induced hover is suppressed (1.9s)
  Γ£ô  231 [chromium] ΓÇ║ tests\hover-previews.spec.ts:152:5 ΓÇ║ Power Reader Hover Previews ΓÇ║ [PR-PREV-03] Scrolling dismisses active preview (1.0s)
  Γ£ô  234 [chromium] ΓÇ║ tests\implicit-read-state.spec.ts:20:5 ΓÇ║ Implicit Read State (Temporal Boundary) [PR-READ-07] ΓÇ║ should apply ".read" class to posts older than session cutoff (585ms)
  Γ£ô  235 [chromium] ΓÇ║ tests\implicit-read-state.spec.ts:84:5 ΓÇ║ Implicit Read State (Temporal Boundary) [PR-READ-07] ΓÇ║ should exclude implicitly read posts from Tree-Karma sorting (586ms)
  Γ£ô  232 [chromium] ΓÇ║ tests\hover-previews.spec.ts:163:5 ΓÇ║ Power Reader Hover Previews ΓÇ║ [PR-PREV-05] Clicking preview navigates and dismisses (1.0s)
  Γ£ô  233 [chromium] ΓÇ║ tests\hover-previews.spec.ts:174:5 ΓÇ║ Power Reader Hover Previews ΓÇ║ [PR-PREV-07] Hovering comment link shows preview (1.0s)
  Γ£ô  236 [chromium] ΓÇ║ tests\implicit-read-state.spec.ts:150:5 ΓÇ║ Implicit Read State (Temporal Boundary) [PR-READ-07] ΓÇ║ should apply ".read" class to comments older than loadFrom after re-render (615ms)
  Γ£ô  238 [chromium] ΓÇ║ tests\link-previews.spec.ts:15:5 ΓÇ║ Link Previews in Comment Bodies ΓÇ║ [PR-PREV-08] Previews post links in comment bodies (1.0s)
  Γ£ô  239 [chromium] ΓÇ║ tests\link-previews.spec.ts:64:5 ΓÇ║ Link Previews in Comment Bodies ΓÇ║ [PR-PREV-09] Previews author links in comment bodies (1.1s)
  Γ£ô  237 [chromium] ΓÇ║ tests\inline-reactions.spec.ts:6:5 ΓÇ║ Power Reader Inline Reactions ΓÇ║ [PR-REACT-07] Selecting text triggers floating button and reacting attaches quote (1.3s)
  Γ£ô  243 [chromium] ΓÇ║ tests\load-from-update.spec.ts:4:1 ΓÇ║ Power Reader updates loadFrom when reaching bottom of page (738ms)
  Γ£ô  242 [chromium] ΓÇ║ tests\link-previews.spec.ts:181:5 ΓÇ║ Link Previews in Comment Bodies ΓÇ║ [PR-PREV-10] Wiki preview fetch uses current forum origin (987ms)
  Γ£ô  240 [chromium] ΓÇ║ tests\link-previews.spec.ts:109:5 ΓÇ║ Link Previews in Comment Bodies ΓÇ║ [PR-PREV-08] Does not preview external post-like links (1.8s)
  Γ£ô  241 [chromium] ΓÇ║ tests\link-previews.spec.ts:145:5 ΓÇ║ Link Previews in Comment Bodies ΓÇ║ [PR-PREV-09] Does not preview protocol-relative external author links (1.5s)
  Γ£ô  244 [chromium] ΓÇ║ tests\navigation-actions.spec.ts:11:5 ΓÇ║ Post Action Buttons ΓÇ║ [PR-POSTBTN-01] Toggle Post Body should expand and collapse post body (621ms)
  Γ£ô  245 [chromium] ΓÇ║ tests\navigation-actions.spec.ts:80:5 ΓÇ║ Post Action Buttons ΓÇ║ [PR-POSTBTN-03][PR-POSTBTN-04] Scroll actions (613ms)
  Γ£ô  246 [chromium] ΓÇ║ tests\navigation-actions.spec.ts:142:5 ΓÇ║ Comment Action Buttons ΓÇ║ [PR-CMTBTN-01] [r] action should fetch descendants and preserve viewport (830ms)
  Γ£ô  248 [chromium] ΓÇ║ tests\navigation-actions.spec.ts:45:5 ΓÇ║ Post Action Buttons ΓÇ║ [PR-POSTBTN-02] Load All Comments should fetch and inject comments (632ms)
  Γ£ô  247 [chromium] ΓÇ║ tests\navigation-actions.spec.ts:245:5 ΓÇ║ Comment Action Buttons ΓÇ║ [PR-CMTBTN-01] [r] should resolve missing ancestors before thread fetch (711ms)
  Γ£ô  249 [chromium] ΓÇ║ tests\navigation-actions.spec.ts:110:5 ΓÇ║ Post Action Buttons ΓÇ║ [PR-NEST-01] Recursive collapse should hide siblings in nested structure (564ms)
  Γ£ô  250 [chromium] ΓÇ║ tests\navigation-actions.spec.ts:213:5 ΓÇ║ Comment Action Buttons ΓÇ║ [PR-CMTBTN-02] Scroll to Root (673ms)
  Γ£ô  251 [chromium] ΓÇ║ tests\navigation-expansion.spec.ts:6:5 ΓÇ║ Navigation to Read Placeholders ΓÇ║ find-parent [^] should expand a read placeholder parent (653ms)
  Γ£ô  253 [chromium] ΓÇ║ tests\parent-highlight.ui.spec.ts:11:5 ΓÇ║ Power Reader Parent Highlighting ΓÇ║ [PR-NAV-02.1] Parent highlight activates correctly for COMMENTS (601ms)
  Γ£ô  252 [chromium] ΓÇ║ tests\navigation-expansion.spec.ts:76:5 ΓÇ║ Navigation to Read Placeholders ΓÇ║ trace-to-root [t] should expand ALL read placeholder ancestors (656ms)
  Γ£ô  257 [chromium] ΓÇ║ tests\parent-navigation.spec.ts:11:5 ΓÇ║ Power Reader Parent Navigation ΓÇ║ Clicking [^] scrolls to parent and highlights it (591ms)
  Γ£ô  258 [chromium] ΓÇ║ tests\parent-navigation.spec.ts:126:5 ΓÇ║ Power Reader Parent Navigation ΓÇ║ [PR-NAV-08] Clicking [^] for missing parent fetches it from server and highlights it (607ms)
  Γ£ô  254 [chromium] ΓÇ║ tests\parent-highlight.ui.spec.ts:60:5 ΓÇ║ Power Reader Parent Highlighting ΓÇ║ [PR-NAV-02.2] Parent highlight activates correctly for POSTS (1.5s)
  Γ£ô  255 [chromium] ΓÇ║ tests\parent-highlight.ui.spec.ts:109:5 ΓÇ║ Power Reader Parent Highlighting ΓÇ║ [PR-NAV-02.2][PR-NAV-02.3][PR-NAV-02.4] Parent highlight syncs correctly for sticky header AND post body (1.6s)
  Γ£ô  259 [chromium] ΓÇ║ tests\parent-navigation.ui.spec.ts:15:5 ΓÇ║ Power Reader Parent Navigation ΓÇ║ [PR-NAV-01][PR-NAV-06][PR-NAV-07] Top-level comment navigates to Post Header (579ms)
  Γ£ô  256 [chromium] ΓÇ║ tests\parent-navigation.spec.ts:64:5 ΓÇ║ Power Reader Parent Navigation ΓÇ║ Hovering [^] shows preview when parent is off-screen (1.9s)
  Γ£ô  261 [chromium] ΓÇ║ tests\parent-navigation.ui.spec.ts:87:5 ΓÇ║ Power Reader Parent Navigation ΓÇ║ [PR-NAV-09] Parent comment is present and correctly linked (556ms)
  Γ£ô  260 [chromium] ΓÇ║ tests\parent-navigation.ui.spec.ts:48:5 ΓÇ║ Power Reader Parent Navigation ΓÇ║ [PR-NAV-03] Hover highlights fully visible parent (Post) (1.3s)
  Γ£ô  265 [chromium] ΓÇ║ tests\post-loading.ui.spec.ts:7:5 ΓÇ║ Power Reader Post Loading ΓÇ║ [PR-POST-04] should fetch and display posts with truncation and read-more (513ms)
  Γ£ô  262 [chromium] ΓÇ║ tests\parent-navigation.ui.spec.ts:117:5 ΓÇ║ Power Reader Parent Navigation ΓÇ║ [PR-NAV-05] Hover highlights sticky post header even if scrolled (1.5s)
  Γ£ô  263 [chromium] ΓÇ║ tests\parent-navigation.ui.spec.ts:195:5 ΓÇ║ Power Reader Parent Navigation ΓÇ║ [PR-NAV-09] Hover shows preview for Post that is completely scrolled off-screen (1.8s)
  Γ£ô  267 [chromium] ΓÇ║ tests\post-loading.ui.spec.ts:106:5 ΓÇ║ Power Reader Post Loading ΓÇ║ [PR-GQL-03] should use range-bound fetching on initial load (425ms)
  Γ£ô  266 [chromium] ΓÇ║ tests\post-loading.ui.spec.ts:66:5 ΓÇ║ Power Reader Post Loading ΓÇ║ [PR-POST-06][PR-POST-07][PR-POST-08] should mark posts as read on scroll (856ms)
  Γ£ô  268 [chromium] ΓÇ║ tests\post-loading.ui.spec.ts:126:5 ΓÇ║ Power Reader Post Loading ΓÇ║ [PR-POST-01][PR-POST-02][PR-POST-06] should show unified metadata with score but NO buttons for header-only posts (494ms)
  Γ£ô  269 [chromium] ΓÇ║ tests\post-loading.ui.spec.ts:168:5 ΓÇ║ Power Reader Post Loading ΓÇ║ [PR-POST-03] clicking header scrolls to post top (not load) (507ms)
Post classes after scrolling past body but not comments: pr-post pr-item 
  Γ£ô  270 [chromium] ΓÇ║ tests\post-loading.ui.spec.ts:196:5 ΓÇ║ Power Reader Post Loading ΓÇ║ [PR-POSTBTN-01] [e] button loads post body when missing and expands it (613ms)
  Γ£ô  272 [chromium] ΓÇ║ tests\power-reader.spec.ts:5:1 ΓÇ║ [PR-DATA-01][PR-DATA-02][PR-LOAD-01][PR-LOAD-02][PR-LOAD-03][PR-LOAD-04][PR-VIS-04][PR-AUTH-01][PR-AUTH-02][PR-THREAD-01][PR-THREAD-02][PR-USER-01][PR-USER-02] Power Reader /reader page fetches and displays comments (569ms)
  Γ£ô  273 [chromium] ΓÇ║ tests\power-reader.spec.ts:78:1 ΓÇ║ [PR-URL-01] Power Reader should not activate on non-/reader paths (225ms)
  Γ£ô  271 [chromium] ΓÇ║ tests\post-read-tracking.ui.spec.ts:6:5 ΓÇ║ Post Read Tracking ΓÇ║ post should be marked read after scrolling past its body, even if comments are still below (904ms)
  Γ£ô  264 [chromium] ΓÇ║ tests\parent-rerender.ui.spec.ts:11:5 ΓÇ║ Power Reader Post-Rerender Event Reattachment ΓÇ║ [PR-NAV-10] Hover previews work on re-rendered comments after deep loading a parent (3.4s)
  Γ£ô  274 [chromium] ΓÇ║ tests\power-reader.ui.spec.ts:7:5 ΓÇ║ Power Reader UI Interactions ΓÇ║ [PR-REACT-03][PR-REACT-04] Reaction Picker should toggle between Grid and List view (1.2s)
  Γ£ô  277 [chromium] ΓÇ║ tests\power-reader.ui.spec.ts:81:5 ΓÇ║ Power Reader UI Interactions ΓÇ║ [PR-NEST-01][PR-NEST-02] Clicking post title should toggle body visibility (660ms)
  Γ£ô  278 [chromium] ΓÇ║ tests\power-reader.ui.spec.ts:92:5 ΓÇ║ Power Reader UI Interactions ΓÇ║ [PR-NEST-03] Hover over [+] to preview collapsed comment (885ms)
  Γ£ô  279 [chromium] ΓÇ║ tests\preview-smart-positioning.ui.spec.ts:11:5 ΓÇ║ Smart Preview Positioning ΓÇ║ Preview stays within viewport when trigger is on LEFT edge (860ms)
  Γ£ô  281 [chromium] ΓÇ║ tests\reaction-coverage.spec.ts:6:5 ΓÇ║ Power Reader Reaction Coverage ΓÇ║ [PR-REACT-05] Reaction search functionality (630ms)
  Γ£ô  280 [chromium] ΓÇ║ tests\preview-smart-positioning.ui.spec.ts:70:5 ΓÇ║ Smart Preview Positioning ΓÇ║ Preview stays within viewport when trigger is on RIGHT edge (868ms)
  Γ£ô  275 [chromium] ΓÇ║ tests\power-reader.ui.spec.ts:33:5 ΓÇ║ Power Reader UI Interactions ΓÇ║ [PR-NAV-07] Parent Navigation should scroll to and highlight parent (3.5s)
  Γ£ô  282 [chromium] ΓÇ║ tests\reaction-coverage.spec.ts:46:5 ΓÇ║ Power Reader Reaction Coverage ΓÇ║ [PR-REACT-07] Inline reaction trigger (723ms)
  Γ£ô  284 [chromium] ΓÇ║ tests\reaction-scraping.spec.ts:6:5 ΓÇ║ Power Reader Reaction Scraping & Caching ΓÇ║ [PR-REACT-02] Reactions are cached in GM storage after scrape (292ms)
  Γ£ô  285 [chromium] ΓÇ║ tests\reactions.ui.spec.ts:5:5 ΓÇ║ Power Reader Reactions UI ΓÇ║ [PR-REACT-03][PR-REACT-06][PR-REACT-08] Reaction UI: Displays, opens picker, and votes (919ms)
  Γ£ô  283 [chromium] ΓÇ║ tests\reaction-picker-stability.spec.ts:4:1 ΓÇ║ Reaction picker stays open after clicking the + button (1.6s)
  Γ£ô  286 [chromium] ΓÇ║ tests\reactions.ui.spec.ts:99:5 ΓÇ║ Power Reader Reactions UI ΓÇ║ Reaction UI: Regression - Handles null karma vote when reacting (782ms)
  Γ£ô  288 [chromium] ΓÇ║ tests\reply-to-you.spec.ts:6:5 ΓÇ║ Power Reader Reply-to-You ΓÇ║ highlights comments replying to current user (474ms)
Clicking [a] button...
  Γ£ô  287 [chromium] ΓÇ║ tests\reactions.ui.spec.ts:153:5 ΓÇ║ Power Reader Reactions UI ΓÇ║ Reaction UI: Regression - Picker clicks trigger vote despite stopPropagation (905ms)
Comments count reached 6
Button text returned to [a]
  Γ£ô  289 [chromium] ΓÇ║ tests\repro-a-hotkey.spec.ts:5:5 ΓÇ║ Reproduction: [a] hotkey placeholder issue ΓÇ║ Comments loaded via [a] hotkey should be visible even if they are old/read (723ms)
  Γ£ô  290 [chromium] ΓÇ║ tests\repro-trace-to-root.spec.ts:6:5 ΓÇ║ Reproduction: [t] failing to show parent content ΓÇ║ should show entire ancestry chain when [t] is clicked (706ms)
  Γ£ô  291 [chromium] ΓÇ║ tests\repro-trace-to-root.spec.ts:63:5 ΓÇ║ Reproduction: [t] failing to show parent content ΓÇ║ should show ancestors even if they are already marked as read (517ms)
  Γ£ô  293 [chromium] ΓÇ║ tests\reset-route.spec.ts:17:5 ΓÇ║ Power Reader Reset Route ΓÇ║ [PR-URL-02][PR-URL-05] visiting /reader/reset clears storage and redirects (219ms)
  Γ£ô  294 [chromium] ΓÇ║ tests\resilience.spec.ts:11:5 ΓÇ║ Power Reader Resilience [PR-DATA-03][PR-DATA-03.1][PR-DATA-03.2][PR-DATA-04] ΓÇ║ archive sync accepts tolerated partial GraphQL success [PR-DATA-03.1][PR-DATA-03.2] (411ms)
  Γ£ô  295 [chromium] ΓÇ║ tests\resilience.spec.ts:66:5 ΓÇ║ Power Reader Resilience [PR-DATA-03][PR-DATA-03.1][PR-DATA-03.2][PR-DATA-04] ΓÇ║ strict-by-default GraphQL errors block non-opt-in call paths [PR-DATA-03] (297ms)
  Γ£ô  276 [chromium] ΓÇ║ tests\power-reader.ui.spec.ts:64:5 ΓÇ║ Power Reader UI Interactions ΓÇ║ [PR-READ-04] Read State should mark as read after 5s off-screen (6.5s)
  Γ£ô  296 [chromium] ΓÇ║ tests\resilience.spec.ts:118:5 ΓÇ║ Power Reader Resilience [PR-DATA-03][PR-DATA-03.1][PR-DATA-03.2][PR-DATA-04] ΓÇ║ handles missing pageUrl gracefully in UI [PR-DATA-04] (406ms)
  Γ£ô  299 [chromium] ΓÇ║ tests\scoring.unit.spec.ts:5:3 ΓÇ║ Scoring Logic ΓÇ║ getExpectedPoints follows smooth curve for comments (5ms)
  Γ£ô  300 [chromium] ΓÇ║ tests\scoring.unit.spec.ts:13:3 ΓÇ║ Scoring Logic ΓÇ║ getExpectedPoints applies multiplier for posts (3ms)
  Γ£ô  301 [chromium] ΓÇ║ tests\scoring.unit.spec.ts:25:3 ΓÇ║ Scoring Logic ΓÇ║ getFontSizePercent scales correctly for posts (4ms)
  Γ£ô  302 [chromium] ΓÇ║ tests\scoring.unit.spec.ts:36:3 ΓÇ║ Scoring Logic ΓÇ║ getFontSizePercent scales correctly for comments (2ms)
  Γ£ô  303 [chromium] ΓÇ║ tests\scraping.spec.ts:9:5 ΓÇ║ Reaction Scraping Logic ΓÇ║ [PR-REACT-01] should scrape reactions from a real LW bundle snapshot (10ms)
  Γ£ô  304 [chromium] ΓÇ║ tests\scraping.spec.ts:35:5 ΓÇ║ Reaction Scraping Logic ΓÇ║ should correctly parse standard reaction definitions (5ms)
  Γ£ô  305 [chromium] ΓÇ║ tests\scraping.spec.ts:75:5 ΓÇ║ Reaction Scraping Logic ΓÇ║ should handle description functions and complex search terms (5ms)
  Γ£ô  306 [chromium] ΓÇ║ tests\scraping.spec.ts:96:5 ΓÇ║ Reaction Scraping Logic ΓÇ║ should return empty array for non-matching code (1ms)
  Γ£ô  307 [chromium] ΓÇ║ tests\scraping.spec.ts:101:5 ΓÇ║ Reaction Scraping Logic ΓÇ║ [PR-REACT-01] should be resilient against realistic minified code patterns (2ms)
  Γ£ô  297 [chromium] ΓÇ║ tests\resize-handles.spec.ts:80:5 ΓÇ║ Power Reader Resize Handles ΓÇ║ [PR-LAYOUT-01] Resize handles appear and dragging changes width (597ms)
  Γ£ô  298 [chromium] ΓÇ║ tests\resize-handles.spec.ts:108:5 ΓÇ║ Power Reader Resize Handles ΓÇ║ [PR-LAYOUT-02] Custom width persists from storage (500ms)
  Γ£ô  308 [chromium] ΓÇ║ tests\setup-ui.spec.ts:42:5 ΓÇ║ Power Reader Setup UI ΓÇ║ shows setup UI when no loadFrom date is set (291ms)
  Γ£ô  310 [chromium] ΓÇ║ tests\setup-ui.spec.ts:91:5 ΓÇ║ Power Reader Setup UI ΓÇ║ clicking Start Reading with date sets ISO string (328ms)
  Γ£ô  309 [chromium] ΓÇ║ tests\setup-ui.spec.ts:64:5 ΓÇ║ Power Reader Setup UI ΓÇ║ clicking Start Reading with empty date sets __LOAD_RECENT__ (443ms)
  Γ£ô  311 [chromium] ΓÇ║ tests\smart-loading.spec.ts:5:5 ΓÇ║ Smart Loading Heuristic ΓÇ║ [PR-LOAD-06] Heuristic Rendering: Thread vs Individual Loading (461ms)
  Γ£ô  312 [chromium] ΓÇ║ tests\smart-loading.spec.ts:64:5 ΓÇ║ Smart Loading Heuristic ΓÇ║ Placeholder Logic: Deep Tree Context (506ms)
  Γ£ô  313 [chromium] ΓÇ║ tests\state-and-continuation.spec.ts:6:5 ΓÇ║ Power Reader State and Continuation ΓÇ║ [PR-URL-05] Reset State button exists and triggers confirmation (570ms)
  Γ£ô  314 [chromium] ΓÇ║ tests\state-and-continuation.spec.ts:32:5 ΓÇ║ Power Reader State and Continuation ΓÇ║ [PR-SETUP-01] Empty comments state shows retry buttons (507ms)
  Γ£ô  315 [chromium] ΓÇ║ tests\state-and-continuation.spec.ts:60:5 ΓÇ║ Power Reader State and Continuation ΓÇ║ [PR-LOAD-09] Bottom message appears and checks server for more comments (none found) (887ms)
  Γ£ô  317 [chromium] ΓÇ║ tests\state-and-continuation.spec.ts:157:5 ΓÇ║ Power Reader State and Continuation ΓÇ║ [PR-LOAD-09][PR-LOAD-11] Bottom message shows "New comments available" when server has more (838ms)
  Γ£ô  319 [chromium] ΓÇ║ tests\state-and-continuation.spec.ts:252:5 ΓÇ║ Power Reader State and Continuation ΓÇ║ [PR-READ-05] Loads most recent comments when start date is left blank (355ms)
  Γ£ô  318 [chromium] ΓÇ║ tests\state-and-continuation.spec.ts:201:5 ΓÇ║ Power Reader State and Continuation ΓÇ║ [PR-READ-03] Session advances and increments date by 1ms when at bottom (801ms)
  Γ£ô  316 [chromium] ΓÇ║ tests\state-and-continuation.spec.ts:110:5 ΓÇ║ Power Reader State and Continuation ΓÇ║ [PR-LOAD-09] Bottom message countdown decrements and triggers auto-recheck (1.8s)
  Γ£ô  320 [chromium] ΓÇ║ tests\status-line.spec.ts:6:5 ΓÇ║ Status Line Display ΓÇ║ [PR-STATUS-01] Status line shows date range, comment breakdown, post count, and user (480ms)
  Γ£ô  321 [chromium] ΓÇ║ tests\status-line.spec.ts:61:5 ΓÇ║ Status Line Display ΓÇ║ [PR-STATUS-02] Status shows hidden comments when some are read (558ms)
  Γ£ô  322 [chromium] ΓÇ║ tests\status-line.spec.ts:107:5 ΓÇ║ Status Line Display ΓÇ║ [PR-STATUS-03] Status shows filtered posts count (624ms)
  Γ£ô  323 [chromium] ΓÇ║ tests\status-line.spec.ts:160:5 ΓÇ║ Status Line Display ΓÇ║ [PR-STATUS-04] Recent mode still shows resolved date range (708ms)
  Γ£ÿ  292 [chromium] ΓÇ║ tests\repro-trace-to-root.spec.ts:101:5 ΓÇ║ Reproduction: [t] failing to show parent content ΓÇ║ should NOT scroll if root is already visible after loading parents (5.5s)
  Γ£ô  324 [chromium] ΓÇ║ tests\status-line.spec.ts:188:5 ΓÇ║ Status Line Display ΓÇ║ [PR-STATUS-05] Count breakdown handles context and hidden correctly (no negatives) (699ms)
  Γ£ô  326 [chromium] ΓÇ║ tests\sticky-header-metadata.spec.ts:4:1 ΓÇ║ sticky header displays metadata for posts discovered via comments (643ms)
  Γ£ô  327 [chromium] ΓÇ║ tests\sticky-header.spec.ts:92:5 ΓÇ║ Sticky Header Feature ΓÇ║ [PR-STICKY-01] sticky header disappears when scrolling back to top (693ms)
  Γ£ô  328 [chromium] ΓÇ║ tests\sticky-header.spec.ts:114:5 ΓÇ║ Sticky Header Feature ΓÇ║ [PR-STICKY-06] clicking sticky header scrolls back to original header and disappears (745ms)
  Γ£ô  329 [chromium] ΓÇ║ tests\sticky-header.spec.ts:140:5 ΓÇ║ Sticky Header Feature ΓÇ║ [PR-STICKY-04] date link in sticky header has target="_blank" (585ms)
  Γ£ô  325 [chromium] ΓÇ║ tests\sticky-header-hover.spec.ts:74:1 ΓÇ║ [PR-STICKY-05] sticky header title triggers hover preview (2.0s)
  Γ£ô  330 [chromium] ΓÇ║ tests\sticky-header.spec.ts:158:5 ΓÇ║ Sticky Header Feature ΓÇ║ [PR-STICKY-07] collapse button in sticky header collapses post content (714ms)
  Γ£ô  331 [chromium] ΓÇ║ tests\sticky-header.spec.ts:179:5 ΓÇ║ Sticky Header Feature ΓÇ║ [PR-POSTBTN-01] [e] button in sticky header scrolls to original post (703ms)
  Γ£ô  332 [chromium] ΓÇ║ tests\sticky-header.spec.ts:207:5 ΓÇ║ Sticky Header Feature ΓÇ║ [PR-POSTBTN-01] [e] button in regular header DOES NOT scroll (692ms)
  Γ£ô  334 [chromium] ΓÇ║ tests\sticky-header.spec.ts:255:5 ΓÇ║ Sticky Header Feature ΓÇ║ [PR-STICKY-VOTE-01] post vote from sticky header syncs both sticky and main header UI (751ms)
  Γ£ô  335 [chromium] ΓÇ║ tests\sticky-header.spec.ts:307:5 ΓÇ║ External Links Feature ΓÇ║ timestamp links open in new tab (673ms)
  Γ£ô  333 [chromium] ΓÇ║ tests\sticky-header.spec.ts:223:5 ΓÇ║ Sticky Header Feature ΓÇ║ [PR-STICKY-08] interactive elements in sticky header work normally without scrolling (1.1s)
  Γ£ô  337 [chromium] ΓÇ║ tests\sticky-header.spec.ts:313:5 ΓÇ║ External Links Feature ΓÇ║ comment links to lesswrong.com open in new tab (736ms)
  Γ£ô  338 [chromium] ΓÇ║ tests\threading.spec.ts:6:5 ΓÇ║ Power Reader Threading ΓÇ║ [PR-THREAD-01] Comments are grouped under their parent Post (675ms)
  Γ£ô  339 [chromium] ΓÇ║ tests\threading.spec.ts:31:5 ΓÇ║ Power Reader Threading ΓÇ║ [PR-NEST-04] Missing parent renders as empty read placeholder (747ms)
  Γ£ô  336 [chromium] ΓÇ║ tests\sticky-header.spec.ts:72:5 ΓÇ║ Sticky Header Feature ΓÇ║ [PR-STICKY-01][PR-STICKY-02][PR-STICKY-03] sticky header appears when scrolling past post header (1.0s)
  Γ£ô  340 [chromium] ΓÇ║ tests\threading.spec.ts:62:5 ΓÇ║ Power Reader Threading ΓÇ║ [PR-NEST-04.1][PR-NEST-04.2] Multi-level missing parent chain preserves descendants (708ms)
  Γ£ô  341 [chromium] ΓÇ║ tests\threading.spec.ts:99:5 ΓÇ║ Power Reader Threading ΓÇ║ [PR-NEST-05] Thread structure nests correctly with placeholders and mixed depths (763ms)
  Γ£ô  342 [chromium] ΓÇ║ tests\tree-karma-sorting.spec.ts:6:5 ΓÇ║ Tree-Karma Sorting [PR-SORT-01][PR-SORT-02][PR-SORT-03] ΓÇ║ should sort posts by Tree-Karma descending (738ms)
  Γ£ô  344 [chromium] ΓÇ║ tests\tree-karma-sorting.spec.ts:114:5 ΓÇ║ Tree-Karma Sorting [PR-SORT-01][PR-SORT-02][PR-SORT-03] ΓÇ║ should sort comments hierarchically by Tree-Karma (629ms)
  Γ£ô  343 [chromium] ΓÇ║ tests\tree-karma-sorting.spec.ts:60:5 ΓÇ║ Tree-Karma Sorting [PR-SORT-01][PR-SORT-02][PR-SORT-03] ΓÇ║ should prioritize posts with high-karma unread comments (Comment Surprise) (714ms)
  Γ£ô  345 [chromium] ΓÇ║ tests\tree-karma-sorting.spec.ts:153:5 ΓÇ║ Tree-Karma Sorting [PR-SORT-01][PR-SORT-02][PR-SORT-03] ΓÇ║ should treat read items as -Infinity (lowest priority) (631ms)
  Γ£ô  347 [chromium] ΓÇ║ tests\ui-refinements.spec.ts:6:5 ΓÇ║ Power Reader UI Refinements ΓÇ║ author buttons layout: [down] Name [up] (591ms)
  Γ£ô  348 [chromium] ΓÇ║ tests\ui-refinements.spec.ts:39:5 ΓÇ║ Power Reader UI Refinements ΓÇ║ help section persistence (663ms)
  Γ£ô  349 [chromium] ΓÇ║ tests\ui-refinements.spec.ts:51:5 ΓÇ║ Power Reader UI Refinements ΓÇ║ read comment border is light (641ms)
  Γ£ô  350 [chromium] ΓÇ║ tests\ui-requirements.spec.ts:8:5 ΓÇ║ UI Requirements: Buttons and Sticky Behavior ΓÇ║ Post action [a] is disabled when no comments to load (498ms)
  Γ£ô  351 [chromium] ΓÇ║ tests\ui-requirements.spec.ts:24:5 ΓÇ║ UI Requirements: Buttons and Sticky Behavior ΓÇ║ [PR-POST-11] Post action [e] is disabled when content is short (505ms)
  Γ£ô  346 [chromium] ΓÇ║ tests\tree-karma-sorting.spec.ts:184:5 ΓÇ║ Tree-Karma Sorting [PR-SORT-01][PR-SORT-02][PR-SORT-03] ΓÇ║ [PR-SORT-04] Stability Policy: voting does not cause immediate re-sort (1.6s)
  Γ£ô  352 [chromium] ΓÇ║ tests\ui-requirements.spec.ts:40:5 ΓÇ║ UI Requirements: Buttons and Sticky Behavior ΓÇ║ [PR-POSTBTN-05] Sticky header [-] scrolls back to post header on collapse (578ms)
  Γ£ô  353 [chromium] ΓÇ║ tests\ui-requirements.spec.ts:146:5 ΓÇ║ UI Requirements: Buttons and Sticky Behavior ΓÇ║ Comment with no children shows [+] after clicking [-] (610ms)
  Γ£ô  355 [chromium] ΓÇ║ tests\ui-requirements.spec.ts:236:5 ΓÇ║ UI Requirements: Buttons and Sticky Behavior ΓÇ║ Tooltips are present on all comment buttons (555ms)
  Γ£ô  354 [chromium] ΓÇ║ tests\ui-requirements.spec.ts:173:5 ΓÇ║ UI Requirements: Buttons and Sticky Behavior ΓÇ║ [PR-POSTBTN-06] Clicking post header when already at top toggles expansion (864ms)
  Γ£ô  356 [chromium] ΓÇ║ tests\ui-requirements.spec.ts:267:5 ΓÇ║ UI Requirements: Buttons and Sticky Behavior ΓÇ║ [PR-AUTH-05] Author preference buttons are present in post headers and work (910ms)
  Γ£ô  357 [chromium] ΓÇ║ tests\ui-requirements.spec.ts:340:5 ΓÇ║ UI Requirements: Buttons and Sticky Behavior ΓÇ║ [PR-AUTH-07][PR-AUTH-08] Author preference updates propagate globally to all items by same author (681ms)
  Γ£ô  358 [chromium] ΓÇ║ tests\ui-requirements.spec.ts:386:5 ΓÇ║ UI Requirements: Buttons and Sticky Behavior ΓÇ║ [PR-VIS-14] Control buttons have constant 13px font size (621ms)
  Γ£ô  359 [chromium] ΓÇ║ tests\ui-requirements.spec.ts:397:5 ΓÇ║ UI Requirements: Buttons and Sticky Behavior ΓÇ║ [PR-VIS-15] Reaction icons use relative units (scaling) (633ms)
  Γ£ô  361 [chromium] ΓÇ║ tests\user-detection.spec.ts:37:5 ΓÇ║ Power Reader User Detection ΓÇ║ [PR-USER-01] Detect current logged-in user via GraphQL (569ms)
  Γ£ô  362 [chromium] ΓÇ║ tests\visual-indicators.spec.ts:18:5 ΓÇ║ Power Reader Visual Indicators ΓÇ║ [PR-VIS-01] High karma comments have a pink meta header (526ms)
  Γ£ô  363 [chromium] ΓÇ║ tests\visual-indicators.spec.ts:30:5 ΓÇ║ Power Reader Visual Indicators ΓÇ║ [PR-VIS-02] High karma posts have a purple meta header (545ms)
  Γ£ô  364 [chromium] ΓÇ║ tests\visual-indicators.spec.ts:42:5 ΓÇ║ Power Reader Visual Indicators ΓÇ║ [PR-VIS-01] Favored author comments have a pink meta header (532ms)
  Γ£ô  365 [chromium] ΓÇ║ tests\visual-indicators.spec.ts:57:5 ΓÇ║ Power Reader Visual Indicators ΓÇ║ [PR-VIS-03] Recent comments have a yellow body (591ms)
  Γ£ô  367 [chromium] ΓÇ║ tests\visual-indicators.spec.ts:94:5 ΓÇ║ Power Reader Visual Indicators ΓÇ║ [PR-VIS-05] Read items have grey text (633ms)
  Γ£ô  366 [chromium] ΓÇ║ tests\visual-indicators.spec.ts:71:5 ΓÇ║ Power Reader Visual Indicators ΓÇ║ [PR-VIS-04] Replies to you have a green border (827ms)
  Γ£ô  368 [chromium] ΓÇ║ tests\visual-indicators.spec.ts:109:5 ΓÇ║ Power Reader Visual Indicators ΓÇ║ [PR-VIS-06] Normal items have black border (547ms)
  Γ£ô  369 [chromium] ΓÇ║ tests\visual-indicators.spec.ts:120:5 ΓÇ║ Power Reader Visual Indicators ΓÇ║ [PR-VIS-07] Rejected comments have red border and are collapsed (588ms)
  Γ£ô  370 [chromium] ΓÇ║ tests\visual-indicators.spec.ts:133:5 ΓÇ║ Power Reader Visual Indicators ΓÇ║ [PR-VIS-08] Blockquotes have distinct left border (616ms)
  Γ£ô  371 [chromium] ΓÇ║ tests\visual-indicators.spec.ts:145:5 ΓÇ║ Power Reader Visual Indicators ΓÇ║ [PR-VIS-10] High karma items have larger font size (670ms)
  Γ£ô  372 [chromium] ΓÇ║ tests\visual-indicators.spec.ts:164:5 ΓÇ║ Power Reader Visual Indicators ΓÇ║ [PR-DATE-01] Timestamps are converted to local time without GMT suffix (609ms)
  Γ£ô  373 [chromium] ΓÇ║ tests\visual-indicators.spec.ts:177:5 ΓÇ║ Power Reader Visual Indicators ΓÇ║ [PR-VIS-09] Footnotes are displayed inline (611ms)
  Γ£ô  374 [chromium] ΓÇ║ tests\visual-indicators.spec.ts:196:5 ΓÇ║ Power Reader Visual Indicators ΓÇ║ [PR-VIS-11][PR-VIS-12][PR-VIS-13] Normalization and Auto-hide logic (513ms)
  Γ£ô  377 [chromium] ΓÇ║ tests\voting.e2e.spec.ts:39:5 ΓÇ║ Voting Contract Tests (Mocked GraphQL) ΓÇ║ GraphQL Mutation Schema ΓÇ║ performVoteComment mutation exists and has expected return fields (55ms)
  Γ£ô  378 [chromium] ΓÇ║ tests\voting.e2e.spec.ts:105:5 ΓÇ║ Voting Contract Tests (Mocked GraphQL) ΓÇ║ Vote Comment Query (Read Current State) ΓÇ║ can parse vote state response for a comment (20ms)
  Γ£ô  379 [chromium] ΓÇ║ tests\voting.e2e.spec.ts:165:5 ΓÇ║ Voting Contract Tests (Mocked GraphQL) ΓÇ║ Vote Mutation Error Handling ΓÇ║ unauthenticated vote returns appropriate error (13ms)
  Γ£ô  380 [chromium] ΓÇ║ tests\voting.e2e.spec.ts:194:5 ΓÇ║ Voting Contract Tests (Mocked GraphQL) ΓÇ║ Vote Mutation Error Handling ΓÇ║ invalid vote type returns error (15ms)
  Γ£ô  381 [chromium] ΓÇ║ tests\voting.e2e.spec.ts:226:5 ΓÇ║ Voting Contract Tests (Mocked GraphQL) ΓÇ║ Vote Mutation Error Handling ΓÇ║ invalid comment ID returns error (16ms)
  Γ£ô  375 [chromium] ΓÇ║ tests\visual-indicators.spec.ts:221:5 ΓÇ║ Power Reader Visual Indicators ΓÇ║ [PR-POST-08][PR-POST-09][PR-POST-10] Read tracking for posts (635ms)
  Γ£ô  376 [chromium] ΓÇ║ tests\voting-regression.spec.ts:6:5 ΓÇ║ Voting Bug: Descendants Disappearing ΓÇ║ voting on a comment should NOT cause its descendants to disappear (603ms)
  Γ£ô  382 [chromium] ΓÇ║ tests\voting.ui.spec.ts:10:5 ΓÇ║ Power Reader Voting UI ΓÇ║ [PR-VOTE-01][PR-VOTE-02][PR-VOTE-03] renders vote buttons with correct initial state (770ms)
  Γ£ô  384 [chromium] ΓÇ║ tests\voting.ui.spec.ts:184:5 ΓÇ║ Power Reader Voting UI ΓÇ║ toggles vote off when clicking active vote button (649ms)
  Γ£ô  383 [chromium] ΓÇ║ tests\voting.ui.spec.ts:128:5 ΓÇ║ Power Reader Voting UI ΓÇ║ [PR-VOTE-04] clicking vote button updates UI after successful mutation (713ms)
  Γ£ô  387 [chromium] ΓÇ║ tests\voting.ui.spec.ts:329:5 ΓÇ║ Power Reader Voting UI ΓÇ║ [PR-VOTE-05] voting when not logged in opens login page (883ms)
  Γ£ô  388 [chromium] ΓÇ║ tests\voting.unit.spec.ts:76:9 ΓÇ║ Voting Unit Tests ΓÇ║ [PR-VOTE-02] toggleKarmaVote ΓÇ║ upvote from neutral returns smallUpvote (2ms)
  Γ£ô  389 [chromium] ΓÇ║ tests\voting.unit.spec.ts:80:9 ΓÇ║ Voting Unit Tests ΓÇ║ [PR-VOTE-02] toggleKarmaVote ΓÇ║ upvote when already upvoted returns neutral (toggle off) (2ms)
  Γ£ô  390 [chromium] ΓÇ║ tests\voting.unit.spec.ts:84:9 ΓÇ║ Voting Unit Tests ΓÇ║ [PR-VOTE-02] toggleKarmaVote ΓÇ║ upvote when downvoted switches to upvote (1ms)
  Γ£ô  391 [chromium] ΓÇ║ tests\voting.unit.spec.ts:88:9 ΓÇ║ Voting Unit Tests ΓÇ║ [PR-VOTE-02] toggleKarmaVote ΓÇ║ downvote from neutral returns smallDownvote (2ms)
  Γ£ô  385 [chromium] ΓÇ║ tests\voting.ui.spec.ts:239:5 ΓÇ║ Power Reader Voting UI ΓÇ║ vote buttons have correct data attributes (1.0s)
  Γ£ô  392 [chromium] ΓÇ║ tests\voting.unit.spec.ts:92:9 ΓÇ║ Voting Unit Tests ΓÇ║ [PR-VOTE-02] toggleKarmaVote ΓÇ║ downvote when already downvoted returns neutral (toggle off) (1ms)
  Γ£ô  393 [chromium] ΓÇ║ tests\voting.unit.spec.ts:100:9 ΓÇ║ Voting Unit Tests ΓÇ║ [PR-VOTE-02] toggleKarmaVote ΓÇ║ bigUpvote clicking up returns smallUpvote (not neutral) (2ms)
  Γ£ô  394 [chromium] ΓÇ║ tests\voting.unit.spec.ts:96:9 ΓÇ║ Voting Unit Tests ΓÇ║ [PR-VOTE-02] toggleKarmaVote ΓÇ║ downvote when upvoted switches to downvote (1ms)
  Γ£ô  395 [chromium] ΓÇ║ tests\voting.unit.spec.ts:106:9 ΓÇ║ Voting Unit Tests ΓÇ║ [PR-VOTE-02] toggleKarmaVote ΓÇ║ bigDownvote clicking down returns smallDownvote (not neutral) (1ms)
  Γ£ô  396 [chromium] ΓÇ║ tests\voting.unit.spec.ts:113:9 ΓÇ║ Voting Unit Tests ΓÇ║ [PR-VOTE-03] toggleAgreementVote ΓÇ║ agree from neutral returns agree (2ms)
  Γ£ô  397 [chromium] ΓÇ║ tests\voting.unit.spec.ts:117:9 ΓÇ║ Voting Unit Tests ΓÇ║ [PR-VOTE-03] toggleAgreementVote ΓÇ║ agree when already agreed returns neutral (toggle off) (1ms)
  Γ£ô  398 [chromium] ΓÇ║ tests\voting.unit.spec.ts:121:9 ΓÇ║ Voting Unit Tests ΓÇ║ [PR-VOTE-03] toggleAgreementVote ΓÇ║ agree when disagreed switches to agree (1ms)
  Γ£ô  399 [chromium] ΓÇ║ tests\voting.unit.spec.ts:125:9 ΓÇ║ Voting Unit Tests ΓÇ║ [PR-VOTE-03] toggleAgreementVote ΓÇ║ disagree from neutral returns disagree (2ms)
  Γ£ô  400 [chromium] ΓÇ║ tests\voting.unit.spec.ts:129:9 ΓÇ║ Voting Unit Tests ΓÇ║ [PR-VOTE-03] toggleAgreementVote ΓÇ║ disagree when already disagreed returns neutral (toggle off) (2ms)
  Γ£ô  401 [chromium] ΓÇ║ tests\voting.unit.spec.ts:133:9 ΓÇ║ Voting Unit Tests ΓÇ║ [PR-VOTE-03] toggleAgreementVote ΓÇ║ disagree when agreed switches to disagree (1ms)
  Γ£ô  402 [chromium] ΓÇ║ tests\voting.unit.spec.ts:139:9 ΓÇ║ Voting Unit Tests ΓÇ║ [PR-VOTE-01] renderVoteButtons ΓÇ║ renders correct structure with neutral votes (7ms)
  Γ£ô  403 [chromium] ΓÇ║ tests\voting.unit.spec.ts:150:9 ΓÇ║ Voting Unit Tests ΓÇ║ [PR-VOTE-01] renderVoteButtons ΓÇ║ applies active-up class when upvoted (2ms)
  Γ£ô  404 [chromium] ΓÇ║ tests\voting.unit.spec.ts:155:9 ΓÇ║ Voting Unit Tests ΓÇ║ [PR-VOTE-01] renderVoteButtons ΓÇ║ applies active-down class when downvoted (1ms)
  Γ£ô  405 [chromium] ΓÇ║ tests\voting.unit.spec.ts:160:9 ΓÇ║ Voting Unit Tests ΓÇ║ [PR-VOTE-01] renderVoteButtons ΓÇ║ applies active-up for bigUpvote (2ms)
  Γ£ô  407 [chromium] ΓÇ║ tests\voting.unit.spec.ts:170:9 ΓÇ║ Voting Unit Tests ΓÇ║ [PR-VOTE-01] renderVoteButtons ΓÇ║ applies agree-active when agreement is "agree" (1ms)
  Γ£ô  406 [chromium] ΓÇ║ tests\voting.unit.spec.ts:165:9 ΓÇ║ Voting Unit Tests ΓÇ║ [PR-VOTE-01] renderVoteButtons ΓÇ║ applies active-down for bigDownvote (1ms)
  Γ£ô  409 [chromium] ΓÇ║ tests\voting.unit.spec.ts:180:9 ΓÇ║ Voting Unit Tests ΓÇ║ [PR-VOTE-01] renderVoteButtons ΓÇ║ applies disagree-active when agreement is "disagree" (2ms)
  Γ£ô  408 [chromium] ΓÇ║ tests\voting.unit.spec.ts:175:9 ΓÇ║ Voting Unit Tests ΓÇ║ [PR-VOTE-01] renderVoteButtons ΓÇ║ applies agree-active when agreement is positive number (2ms)
  Γ£ô  410 [chromium] ΓÇ║ tests\voting.unit.spec.ts:185:9 ΓÇ║ Voting Unit Tests ΓÇ║ [PR-VOTE-01] renderVoteButtons ΓÇ║ applies disagree-active when agreement is negative number (3ms)
  Γ£ô  411 [chromium] ΓÇ║ tests\voting.unit.spec.ts:190:9 ΓÇ║ Voting Unit Tests ΓÇ║ [PR-VOTE-01] renderVoteButtons ΓÇ║ does not apply agreement classes when agreement is neutral/0 (3ms)
  Γ£ô  412 [chromium] ΓÇ║ tests\voting.unit.spec.ts:196:9 ΓÇ║ Voting Unit Tests ΓÇ║ [PR-VOTE-01] renderVoteButtons ΓÇ║ handles negative karma scores (2ms)
  Γ£ÿ  360 [chromium] ΓÇ║ tests\unread-comments.spec.ts:4:1 ΓÇ║ [PR-READ-01][PR-READ-02][PR-READ-04][PR-LOAD-05][PR-LOAD-10] Power Reader fetches recent comments and marks them as read locally (6.1s)
  Γ£ô  386 [chromium] ΓÇ║ tests\voting.ui.spec.ts:280:5 ΓÇ║ Power Reader Voting UI ΓÇ║ strong voting (hold) triggers strong vote (1.8s)


  1) [chromium] ΓÇ║ tests\repro-trace-to-root.spec.ts:101:5 ΓÇ║ Reproduction: [t] failing to show parent content ΓÇ║ should NOT scroll if root is already visible after loading parents 

    Error: [2mexpect([22m[31mreceived[39m[2m).[22mtoBeLessThan[2m([22m[32mexpected[39m[2m)[22m

    Expected: < [32m2[39m
    Received:   [31m77.203125[39m

    Call Log:
    - Timeout 5000ms exceeded while waiting on the predicate

      131 |
      132 |         // Position should be PRESERVED (Smart Focus)
    > 133 |         await expect.poll(async () => {
          |         ^
      134 |             const afterTop = await page.locator('.pr-comment[data-id="c2"] [data-action="load-parents-and-scroll"]').evaluate(el => el.getBoundingClientRect().top);
      135 |             return Math.abs(afterTop - beforeTop);
      136 |         }).toBeLessThan(2);
        at C:\Users\Wei Dai\Code\userscripts\second\tests\repro-trace-to-root.spec.ts:133:9

    Error Context: test-results\repro-trace-to-root-Reprod-538f7-sible-after-loading-parents-chromium\error-context.md

  2) [chromium] ΓÇ║ tests\unread-comments.spec.ts:4:1 ΓÇ║ [PR-READ-01][PR-READ-02][PR-READ-04][PR-LOAD-05][PR-LOAD-10] Power Reader fetches recent comments and marks them as read locally 

    Error: [2mexpect([22m[31mlocator[39m[2m).[22mtoHaveClass[2m([22m[32mexpected[39m[2m)[22m failed

    Locator: locator('[data-id="unread-3"]')
    Expected pattern: [32m/read/[39m
    Received string:  [31m"pr-comment"[39m
    Timeout: 5000ms

    Call log:
    [2m  - Expect "toHaveClass" with timeout 5000ms[22m
    [2m  - waiting for locator('[data-id="unread-3"]')[22m
    [2m    9 ├ù locator resolved to <div class="pr-comment" data-id="unread-3">ΓÇª</div>[22m
    [2m      - unexpected value "pr-comment"[22m


      90 |
      91 |     // Verify unread-3 is marked as read even if it's visible (because we are at bottom)
    > 92 |     await expect(page.locator('[data-id="unread-3"]')).toHaveClass(/read/, { timeout: 5000 });
         |                                                        ^
      93 |     await expect(page.locator('#pr-unread-count')).toHaveText('0');
      94 | });
      95 |
        at C:\Users\Wei Dai\Code\userscripts\second\tests\unread-comments.spec.ts:92:56

    Error Context: test-results\unread-comments--PR-READ-0-e5745--marks-them-as-read-locally-chromium\error-context.md

  2 failed
    [chromium] ΓÇ║ tests\repro-trace-to-root.spec.ts:101:5 ΓÇ║ Reproduction: [t] failing to show parent content ΓÇ║ should NOT scroll if root is already visible after loading parents 
    [chromium] ΓÇ║ tests\unread-comments.spec.ts:4:1 ΓÇ║ [PR-READ-01][PR-READ-02][PR-READ-04][PR-LOAD-05][PR-LOAD-10] Power Reader fetches recent comments and marks them as read locally 
  410 passed (1.1m)

[32mTest run complete.[0m
[32mFull Log: [0m[36mC:\Users\Wei Dai\Code\userscripts\second\test_logs\test_run_20260219_151942.log[0m
[33mNote:[0m Debug/verbose browser logs are only written to the file log when running a single spec file. Re-run a single file (e.g. `npx playwright test tests/power-reader.spec.ts`) if you need them.
